###############################################################################
#
# IAR ELF Linker V8.40.1.212/W32 for ARM                  19/Apr/2022  12:08:17
# Copyright 2007-2019 IAR Systems AB.
#
#    Output file  =
#        Y:\Programs\пл Х ох-5\пл-2 SX1276\RM-2L v3.xx\Exe\rm-2.out
#    Map file     =
#        Y:\Programs\пл Х ох-5\пл-2 SX1276\RM-2L v3.xx\List\rm-2.map
#    Command line =
#        -f C:\Users\netesin\AppData\Local\Temp\EWC8C5.tmp ("Y:\Programs\пл
#        Х ох-5\пл-2 SX1276\RM-2L v3.xx\Obj\arp.o" "Y:\Programs\пл Х
#        ох-5\пл-2 SX1276\RM-2L v3.xx\Obj\bsd_socket.o" "Y:\Programs\пл
#        Х ох-5\пл-2 SX1276\RM-2L v3.xx\Obj\CourierNew16.o"
#        "Y:\Programs\пл Х ох-5\пл-2 SX1276\RM-2L
#        v3.xx\Obj\CourierNew8.o" "Y:\Programs\пл Х ох-5\пл-2
#        SX1276\RM-2L v3.xx\Obj\cpu_endian.o" "Y:\Programs\пл Х
#        ох-5\пл-2 SX1276\RM-2L v3.xx\Obj\date_time.o" "Y:\Programs\пл Х
#        ох-5\пл-2 SX1276\RM-2L v3.xx\Obj\dhcp_client.o" "Y:\Programs\пл
#        Х ох-5\пл-2 SX1276\RM-2L v3.xx\Obj\dhcp_common.o"
#        "Y:\Programs\пл Х ох-5\пл-2 SX1276\RM-2L
#        v3.xx\Obj\dhcp_debug.o" "Y:\Programs\пл Х ох-5\пл-2
#        SX1276\RM-2L v3.xx\Obj\dns_cache.o" "Y:\Programs\пл Х ох-5\пл-2
#        SX1276\RM-2L v3.xx\Obj\dns_client.o" "Y:\Programs\пл Х
#        ох-5\пл-2 SX1276\RM-2L v3.xx\Obj\dns_common.o" "Y:\Programs\пл
#        Х ох-5\пл-2 SX1276\RM-2L v3.xx\Obj\dns_debug.o" "Y:\Programs\пл
#        Х ох-5\пл-2 SX1276\RM-2L v3.xx\Obj\dp83848.o" "Y:\Programs\пл
#        Х ох-5\пл-2 SX1276\RM-2L v3.xx\Obj\eksis_bin_ip.o"
#        "Y:\Programs\пл Х ох-5\пл-2 SX1276\RM-2L v3.xx\Obj\ethernet.o"
#        "Y:\Programs\пл Х ох-5\пл-2 SX1276\RM-2L
#        v3.xx\Obj\F868_task_v3xx.o" "Y:\Programs\пл Х ох-5\пл-2
#        SX1276\RM-2L v3.xx\Obj\global_var_v3xx.o" "Y:\Programs\пл Х
#        ох-5\пл-2 SX1276\RM-2L v3.xx\Obj\gsm.o" "Y:\Programs\пл Х
#        ох-5\пл-2 SX1276\RM-2L v3.xx\Obj\icmp.o" "Y:\Programs\пл Х
#        ох-5\пл-2 SX1276\RM-2L v3.xx\Obj\igmp.o" "Y:\Programs\пл Х
#        ох-5\пл-2 SX1276\RM-2L v3.xx\Obj\ip.o" "Y:\Programs\пл Х
#        ох-5\пл-2 SX1276\RM-2L v3.xx\Obj\IP_init.o" "Y:\Programs\пл Х
#        ох-5\пл-2 SX1276\RM-2L v3.xx\Obj\ipv4.o" "Y:\Programs\пл Х
#        ох-5\пл-2 SX1276\RM-2L v3.xx\Obj\ipv4_frag.o" "Y:\Programs\пл Х
#        ох-5\пл-2 SX1276\RM-2L v3.xx\Obj\logo.o" "Y:\Programs\пл Х
#        ох-5\пл-2 SX1276\RM-2L v3.xx\Obj\modbus.o" "Y:\Programs\пл Х
#        ох-5\пл-2 SX1276\RM-2L v3.xx\Obj\mqtt_client.o" "Y:\Programs\пл
#        Х ох-5\пл-2 SX1276\RM-2L v3.xx\Obj\mqtt_client_misc.o"
#        "Y:\Programs\пл Х ох-5\пл-2 SX1276\RM-2L
#        v3.xx\Obj\mqtt_client_packet.o" "Y:\Programs\пл Х ох-5\пл-2
#        SX1276\RM-2L v3.xx\Obj\mqtt_client_transport.o" "Y:\Programs\пл Х
#        ох-5\пл-2 SX1276\RM-2L v3.xx\Obj\nbns_client.o" "Y:\Programs\пл
#        Х ох-5\пл-2 SX1276\RM-2L v3.xx\Obj\nbns_common.o"
#        "Y:\Programs\пл Х ох-5\пл-2 SX1276\RM-2L
#        v3.xx\Obj\nbns_responder.o" "Y:\Programs\пл Х ох-5\пл-2
#        SX1276\RM-2L v3.xx\Obj\net.o" "Y:\Programs\пл Х ох-5\пл-2
#        SX1276\RM-2L v3.xx\Obj\net_mem.o" "Y:\Programs\пл Х ох-5\пл-2
#        SX1276\RM-2L v3.xx\Obj\nic.o" "Y:\Programs\пл Х ох-5\пл-2
#        SX1276\RM-2L v3.xx\Obj\OLED.o" "C:\Program Files (x86)\IAR
#        Systems\Embedded Workbench 8.3\arm\PowerPac\RTOS\Lib\os7m_tl__r.a"
#        "Y:\Programs\пл Х ох-5\пл-2 SX1276\RM-2L v3.xx\Obj\OS_Error.o"
#        "Y:\Programs\пл Х ох-5\пл-2 SX1276\RM-2L
#        v3.xx\Obj\OS_IP_task.o" "Y:\Programs\пл Х ох-5\пл-2
#        SX1276\RM-2L v3.xx\Obj\OS_MQTT_task.o" "Y:\Programs\пл Х
#        ох-5\пл-2 SX1276\RM-2L v3.xx\Obj\OS_Start.o" "Y:\Programs\пл Х
#        ох-5\пл-2 SX1276\RM-2L v3.xx\Obj\pp_rtos.o" "Y:\Programs\пл Х
#        ох-5\пл-2 SX1276\RM-2L v3.xx\Obj\RTOSInit.o" "Y:\Programs\пл Х
#        ох-5\пл-2 SX1276\RM-2L v3.xx\Obj\RTOSVect.o" "Y:\Programs\пл Х
#        ох-5\пл-2 SX1276\RM-2L v3.xx\Obj\sntp_client.o" "Y:\Programs\пл
#        Х ох-5\пл-2 SX1276\RM-2L v3.xx\Obj\socket.o" "Y:\Programs\пл Х
#        ох-5\пл-2 SX1276\RM-2L v3.xx\Obj\stm32f107_eth.o"
#        "Y:\Programs\пл Х ох-5\пл-2 SX1276\RM-2L
#        v3.xx\Obj\stm32f1xx_hal.o" "Y:\Programs\пл Х ох-5\пл-2
#        SX1276\RM-2L v3.xx\Obj\stm32f1xx_hal_cortex.o" "Y:\Programs\пл Х
#        ох-5\пл-2 SX1276\RM-2L v3.xx\Obj\stm32f1xx_hal_gpio.o"
#        "Y:\Programs\пл Х ох-5\пл-2 SX1276\RM-2L
#        v3.xx\Obj\stm32f1xx_hal_msp.o" "Y:\Programs\пл Х ох-5\пл-2
#        SX1276\RM-2L v3.xx\Obj\stm32f1xx_hal_pcd.o" "Y:\Programs\пл Х
#        ох-5\пл-2 SX1276\RM-2L v3.xx\Obj\stm32f1xx_hal_pcd_ex.o"
#        "Y:\Programs\пл Х ох-5\пл-2 SX1276\RM-2L
#        v3.xx\Obj\stm32f1xx_hal_rcc.o" "Y:\Programs\пл Х ох-5\пл-2
#        SX1276\RM-2L v3.xx\Obj\stm32f1xx_ll_usb.o" "Y:\Programs\пл Х
#        ох-5\пл-2 SX1276\RM-2L v3.xx\Obj\str.o" "Y:\Programs\пл Х
#        ох-5\пл-2 SX1276\RM-2L v3.xx\Obj\sx1276.o" "Y:\Programs\пл Х
#        ох-5\пл-2 SX1276\RM-2L v3.xx\Obj\Tahoma12.o" "Y:\Programs\пл Х
#        ох-5\пл-2 SX1276\RM-2L v3.xx\Obj\Tahoma16.o" "Y:\Programs\пл Х
#        ох-5\пл-2 SX1276\RM-2L v3.xx\Obj\tcp.o" "Y:\Programs\пл Х
#        ох-5\пл-2 SX1276\RM-2L v3.xx\Obj\tcp_fsm.o" "Y:\Programs\пл Х
#        ох-5\пл-2 SX1276\RM-2L v3.xx\Obj\tcp_misc.o" "Y:\Programs\пл Х
#        ох-5\пл-2 SX1276\RM-2L v3.xx\Obj\tcp_timer.o" "Y:\Programs\пл Х
#        ох-5\пл-2 SX1276\RM-2L v3.xx\Obj\UARTs_task.o" "Y:\Programs\пл
#        Х ох-5\пл-2 SX1276\RM-2L v3.xx\Obj\udp.o" "Y:\Programs\пл Х
#        ох-5\пл-2 SX1276\RM-2L v3.xx\Obj\USB_Task.o" "Y:\Programs\пл Х
#        ох-5\пл-2 SX1276\RM-2L v3.xx\Obj\usbd_cdc.o" "Y:\Programs\пл Х
#        ох-5\пл-2 SX1276\RM-2L v3.xx\Obj\usbd_cdc_if_template.o"
#        "Y:\Programs\пл Х ох-5\пл-2 SX1276\RM-2L v3.xx\Obj\usbd_conf.o"
#        "Y:\Programs\пл Х ох-5\пл-2 SX1276\RM-2L v3.xx\Obj\usbd_core.o"
#        "Y:\Programs\пл Х ох-5\пл-2 SX1276\RM-2L
#        v3.xx\Obj\usbd_ctlreq.o" "Y:\Programs\пл Х ох-5\пл-2
#        SX1276\RM-2L v3.xx\Obj\usbd_customhid.o" "Y:\Programs\пл Х
#        ох-5\пл-2 SX1276\RM-2L v3.xx\Obj\usbd_customhid_if.o"
#        "Y:\Programs\пл Х ох-5\пл-2 SX1276\RM-2L v3.xx\Obj\usbd_desc.o"
#        "Y:\Programs\пл Х ох-5\пл-2 SX1276\RM-2L
#        v3.xx\Obj\usbd_ioreq.o" "Y:\Programs\пл Х ох-5\пл-2
#        SX1276\RM-2L v3.xx\Obj\utilites.o" "Y:\Programs\пл Х ох-5\пл-2
#        SX1276\RM-2L v3.xx\Obj\web_server.o" "Y:\Programs\пл Х
#        ох-5\пл-2 SX1276\RM-2L v3.xx\Obj\WIFI_task.o" --no_out_extension
#        -o "Y:\Programs\пл Х ох-5\пл-2 SX1276\RM-2L v3.xx\Exe\rm-2.out"
#        --map "Y:\Programs\пл Х ох-5\пл-2 SX1276\RM-2L
#        v3.xx\List\rm-2.map" --config "Y:\Programs\пл Х ох-5\пл-2
#        SX1276\Setup\FLASH.icf" --semihosting --entry __iar_program_start
#        --vfe --text_out locale)
#
###############################################################################

*******************************************************************************
*** MESSAGES
***

Warning[Lt009]: Inconsistent wchar_t size
            OSGLOBAL.o(os7m_tl__r.a) and 25 other objects in os7m_tl__r.a have
                      wchar_t size 16 bits
            arp.o and 121 other objects, some of them in dl7M_tlf.a and 13
                      other libraries have wchar_t size 32 bits


*******************************************************************************
*** RUNTIME MODEL ATTRIBUTES
***

CppFlavor       = *
__Heap_Handler  = DLMalloc
__SystemLibrary = DLib
__dlib_version  = 6


*******************************************************************************
*** HEAP SELECTION
***

The advanced heap was selected because the application calls memory
allocation functions outside of system library functions, and there
are calls to deallocation functions in the application.


*******************************************************************************
*** PLACEMENT SUMMARY
***

"A0":  place at address 0x800'4000 { ro section .intvec };
"P1":  place in [from 0x800'4158 to 0x803'f7ff] { ro };
define block CSTACK with size = 1K, alignment = 8 { };
define block HEAP with size = 256, alignment = 8 { };
"P2":  place in [from 0x2000'0000 to 0x2000'bdff] {
          rw, block CSTACK, block HEAP };
initialize by copy { rw };

  Section            Kind         Address      Size  Object
  -------            ----         -------      ----  ------
"A0":                                         0x150
  .intvec                      0x800'4000     0x150  <Block>
    .intvec          const     0x800'4000     0x150  RTOSVect.o [1]
                             - 0x800'4150     0x150

"P1":                                      0x1'd451
  .text              ro code   0x800'4158    0x2fec  OLED.o [1]
  .text              ro code   0x800'7144      0x36  strlen.o [5]
  .text              ro code   0x800'717a      0x3a  zero_init3.o [5]
  .text              ro code   0x800'71b4       0x6  ABImemclr4.o [5]
  .text              ro code   0x800'71ba      0x1e  xsscin.o [2]
  .text              ro code   0x800'71d8      0x4c  OSEVENWST.o [4]
  .text              ro code   0x800'7224     0xe48  utilites.o [1]
  .text              ro code   0x800'806c      0x1c  U32ToFlt.o [3]
  .text              ro code   0x800'8088      0xd8  FltMul.o [3]
  .text              ro code   0x800'8160      0xfc  FltDiv.o [3]
  .text              ro code   0x800'825c      0x2a  FltToS32.o [3]
  .text              ro code   0x800'8286      0x1e  strcat.o [2]
  .text              ro code   0x800'82a4      0x40  sprintf.o [2]
  .text              ro code   0x800'82e4      0x1a  U32ToDbl.o [3]
  .text              ro code   0x800'82fe       0xa  xsprout.o [2]
  .text              ro code   0x800'8308      0x22  S32ToDbl.o [3]
  .rodata            const     0x800'832a       0x2  xlocale_c.o [2]
  .text              ro code   0x800'832c     0x246  DblDiv.o [3]
  .rodata            const     0x800'8572       0x2  xlocale_c.o [2]
  .text              ro code   0x800'8574     0x1a2  DblMul.o [3]
  .rodata            const     0x800'8716       0x1  xlocale_c.o [2]
  .text              ro code   0x800'8718     0x17a  DblAdd.o [3]
  .text              ro code   0x800'8894      0x3a  DblToS32.o [3]
  .text              ro code   0x800'88d0     0x390  OSKERN.o [4]
  .text              ro code   0x800'8c60     0x160  USB_Task.o [1]
  .text              ro code   0x800'8dc0      0x3a  ABImemset48.o [5]
  .text              ro code   0x800'8dfc      0x24  S32ToFlt.o [3]
  .text              ro code   0x800'8e20      0x48  FltToDbl.o [3]
  .text              ro code   0x800'8e68      0x4c  OS_Alloc.o [4]
  .text              ro code   0x800'8eb4      0x28  sscanf.o [2]
  .text              ro code   0x800'8edc      0xdc  OSRSEM.o [4]
  .text              ro code   0x800'8fb8     0x6dc  UARTs_task.o [1]
  .text              ro code   0x800'9694     0x24c  IP_init.o [1]
  .text              ro code   0x800'98e0      0x44  OS_EVENT_Set.o [4]
  .text              ro code   0x800'9924      0x3c  OSEVENS.o [4]
  .text              ro code   0x800'9960      0xf4  rtos.o [4]
  .text              ro code   0x800'9a54      0x1c  OS_DeactivateTV.o [4]
  .text              ro code   0x800'9a70      0xd4  OSTIME.o [4]
  .text              ro code   0x800'9b44      0xa6  ABImemcpy.o [5]
  .text              ro code   0x800'9bec     0xfde  F868_task_v3xx.o [1]
  .text              ro code   0x800'abcc      0x18  strcpy.o [5]
  .text              ro code   0x800'abe4      0x66  ABImemset.o [5]
  .text              ro code   0x800'ac4c     0xfc6  xprintffull_nomb.o [2]
  .text              ro code   0x800'bc14      0xe2  DblSub.o [3]
  .text              ro code   0x800'bcf6     0x2de  usbd_core.o [1]
  .text              ro code   0x800'bfd4     0x778  stm32f1xx_ll_usb.o [1]
  .text              ro code   0x800'c74c       0x6  OS_EVENT_Create.o [4]
  .text              ro code   0x800'c754     0x19e  usbd_customhid.o [1]
  .text              ro code   0x800'c8f4     0x19a  usbd_cdc.o [1]
  .text              ro code   0x800'ca8e     0x688  stm32f1xx_hal_pcd.o [1]
  .text              ro code   0x800'd118      0x50  OS_EVENT_WaitTimed.o [4]
  .text              ro code   0x800'd168    0x149c  dlmalloc.o [2]
  .text              ro code   0x800'e604       0x4  heaptramp0.o [2]
  .text              ro code   0x800'e608     0xdbc  xscanffull_nomb.o [2]
  .text              ro code   0x800'f3c4      0x42  OS_Wait.o [4]
  .text              ro code   0x800'f408      0x3c  OS_DeactivateP.o [4]
  .text              ro code   0x800'f444      0x22  FltToU32.o [3]
  .text              ro code   0x800'f468     0x44c  RTOSInit.o [1]
  .text              ro code   0x800'f8b4      0x54  OSEVENWS.o [4]
  .text              ro code   0x800'f908     0x254  modbus.o [1]
  .text              ro code   0x800'fb5c     0x5a8  net.o [1]
  .text              ro code   0x801'0104     0x334  ethernet.o [1]
  .text              ro code   0x801'0438     0x6bc  ipv4.o [1]
  .text              ro code   0x801'0af4      0x26  cpu_endian.o [1]
  .text              ro code   0x801'0b1c     0xb64  dhcp_client.o [1]
  .text              ro code   0x801'1680     0x10c  dp83848.o [1]
  .text              ro code   0x801'178c     0x978  sx1276.o [1]
  .text              ro code   0x801'2104      0x64  OS_Suspend.o [4]
  .text              ro code   0x801'2168       0x4  OSTimeGS.o [4]
  .text              ro code   0x801'216c      0x24  OSEVENCL.o [4]
  .text              ro code   0x801'2190      0xe2  FltAdd.o [3]
  .text              ro code   0x801'2274       0x6  ABImemclr.o [5]
  .text              ro code   0x801'227c      0x16  strchr.o [5]
  .text              ro code   0x801'2294      0x40  xfail_s.o [2]
  .text              ro code   0x801'22d4      0x58  memchr.o [5]
  .text              ro code   0x801'232c      0x70  frexp.o [3]
  .text              ro code   0x801'239c      0x2e  DblCmpLe.o [3]
  .text              ro code   0x801'23cc      0x2e  DblCmpGe.o [3]
  .text              ro code   0x801'23fc     0x13a  ldexp.o [3]
  .text              ro code   0x801'2538      0x28  DblToU32.o [3]
  .text              ro code   0x801'2560      0x58  xlocale_c.o [2]
  .text              ro code   0x801'25b8     0x230  I64DivMod.o [5]
  .text              ro code   0x801'27e8     0x230  usbd_conf.o [1]
  .text              ro code   0x801'2a18     0x554  usbd_ctlreq.o [1]
  .text              ro code   0x801'2f6c      0x60  usbd_ioreq.o [1]
  .text              ro code   0x801'2fcc       0xc  stm32f1xx_hal_msp.o [1]
  .text              ro code   0x801'2fd8      0x4a  stm32f1xx_hal_pcd_ex.o [1]
  .text              ro code   0x801'3024      0x48  OS_DeactivateTP.o [4]
  .text              ro code   0x801'306c       0x6  abort.o [2]
  .text              ro code   0x801'3074      0x2c  xgetmemchunk.o [2]
  .text              ro code   0x801'30a0      0x14  isspace.o [2]
  .text              ro code   0x801'30b4      0x14  isalpha.o [2]
  .text              ro code   0x801'30c8     0x40c  strto64.o [3]
  .text              ro code   0x801'34d4      0x68  DblToFlt.o [3]
  .text              ro code   0x801'353c     0x1b2  iar_Stoullx.o [2]
  .text              ro code   0x801'36f0      0xa6  iar_Stollx.o [2]
  .text              ro code   0x801'3798      0x44  OS_TICK_Handle.o [4]
  .text              ro code   0x801'37dc      0x3c  pp_rtos.o [1]
  .text              ro code   0x801'3818     0x4d4  net_mem.o [1]
  .text              ro code   0x801'3cec     0x518  socket.o [1]
  .text              ro code   0x801'4204     0x538  udp.o [1]
  .text              ro code   0x801'473c     0x6e8  tcp.o [1]
  .text              ro code   0x801'4e24     0x1d4  dns_cache.o [1]
  .text              ro code   0x801'4ff8      0x54  OS_CreateTask.o [4]
  .text              ro code   0x801'504c      0x34  str.o [1]
  .text              ro code   0x801'5080      0x24  OS_EVENT_Delete.o [4]
  .text              ro code   0x801'50a4     0x644  arp.o [1]
  .text              ro code   0x801'56e8     0x2d6  igmp.o [1]
  .text              ro code   0x801'59c0     0x1f6  nbns_common.o [1]
  .text              ro code   0x801'5bb8     0x1b4  nic.o [1]
  .text              ro code   0x801'5d6c     0x404  ipv4_frag.o [1]
  .text              ro code   0x801'6170     0x268  tcp_timer.o [1]
  .text              ro code   0x801'63d8      0x68  memcmp.o [5]
  .text              ro code   0x801'6440      0x14  isupper.o [2]
  .text              ro code   0x801'6454     0x1e4  ip.o [1]
  .text              ro code   0x801'6638     0x1fe  icmp.o [1]
  .text              ro code   0x801'6838     0x7e6  tcp_fsm.o [1]
  .text              ro code   0x801'7020      0x70  strncpy.o [5]
  .text              ro code   0x801'7090      0x82  dhcp_common.o [1]
  .text              ro code   0x801'7114      0x24  FltCmpGe.o [3]
  .text              ro code   0x801'7138      0x74  FltSub.o [3]
  .text              ro code   0x801'71ac       0x2  I64DivZer.o [5]
  .text              ro code   0x801'71b0     0x1a8  stm32f1xx_hal_gpio.o [1]
  .text              ro code   0x801'7358      0xa0  stm32f1xx_hal_cortex.o [1]
  .text              ro code   0x801'73f8      0x14  exit.o [6]
  .text              ro code   0x801'740c     0x122  iar_Stopfx.o [2]
  .text              ro code   0x801'7530     0x1b8  iar_Stoflt.o [2]
  .text              ro code   0x801'76e8     0x208  iar_Stoxflt.o [2]
  .text              ro code   0x801'78f0      0x14  tolower.o [2]
  .text              ro code   0x801'7904      0x30  OS_EVENT_Wait.o [4]
  .text              ro code   0x801'7934      0x46  strcasecmp.o [2]
  .text              ro code   0x801'797c     0x25c  nbns_client.o [1]
  .text              ro code   0x801'7bd8     0x37c  dns_client.o [1]
  .text              ro code   0x801'7f54      0x1c  OS_EVENT_Reset.o [4]
  .text              ro code   0x801'7f70     0xf8c  tcp_misc.o [1]
  .text              ro code   0x801'8efc     0x128  nbns_responder.o [1]
  .text              ro code   0x801'9024      0x14  toupper.o [2]
  .text              ro code   0x801'9038     0x180  dns_common.o [1]
  .text              ro code   0x801'91b8      0x96  ABImemmove.o [5]
  .text              ro code   0x801'924e      0x3e  strncasecmp.o [2]
  .text              ro code   0x801'928c     0xbd0  OS_MQTT_task.o [1]
  .text              ro code   0x801'9e5c     0x6a4  gsm.o [1]
  .text              ro code   0x801'a500     0x378  mqtt_client.o [1]
  .text              ro code   0x801'a878     0x150  sntp_client.o [1]
  .text              ro code   0x801'a9c8      0x2c  strstr.o [2]
  .text              ro code   0x801'a9f4     0x91c  mqtt_client_packet.o [1]
  .text              ro code   0x801'b310     0x270  mqtt_client_misc.o [1]
  .text              ro code   0x801'b580     0x148  mqtt_client_transport.o [1]
  .text              ro code   0x801'b6c8     0x9f8  WIFI_task.o [1]
  .text              ro code   0x801'c0c0     0x15c  usbd_cdc_if_template.o [1]
  .text              ro code   0x801'c21c     0x1e0  eksis_bin_ip.o [1]
  .text              ro code   0x801'c3fc     0x5d8  OS_Start.o [1]
  .text              ro code   0x801'c9d4       0x8  OS_GetSuspendCnt.o [4]
  .rodata            const     0x801'c9dc     0x5c0  Tahoma12.o [1]
  .rodata            const     0x801'cf9c     0x5c0  Tahoma16.o [1]
  .text              ro code   0x801'd55c     0x5b0  stm32f107_eth.o [1]
  .text              ro code   0x801'db0c      0x54  stm32f1xx_hal_rcc.o [1]
  .text              ro code   0x801'db60      0x14  memset.o [5]
  .text              ro code   0x801'db74     0x408  bsd_socket.o [1]
  .rodata            const     0x801'df7c     0x400  ethernet.o [1]
  .text              ro code   0x801'e37c     0x20c  OS_IP_task.o [1]
  .rodata            const     0x801'e588     0x208  logo.o [1]
  .text              ro code   0x801'e790      0xd0  usbd_desc.o [1]
  .text              ro code   0x801'e860      0xbe  RTOSVect.o [1]
  .rodata            const     0x801'e920      0x94  OS_MQTT_task.o [1]
  .text              ro code   0x801'e9b4      0x78  lz77_init_single.o [5]
  .rodata            const     0x801'ea2c      0x50  iar_Stoullx.o [2]
  .rodata            const     0x801'ea7c      0x24  Tahoma12.o [1]
  .rodata            const     0x801'eaa0      0x48  strto64.o [3]
  .rodata            const     0x801'eae8      0x40  ethernet.o [1]
  .rodata            const     0x801'eb28      0x40  stm32f107_eth.o [1]
  .rodata            const     0x801'eb68      0x28  xscanffull_nomb.o [2]
  .text              ro code   0x801'eb90      0x28  data_init.o [5]
  .rodata            const     0x801'ebb8      0x24  Tahoma12.o [1]
  .rodata            const     0x801'ebdc      0x24  Tahoma12.o [1]
  .rodata            const     0x801'ec00      0x24  Tahoma12.o [1]
  .rodata            const     0x801'ec24      0x24  Tahoma16.o [1]
  .rodata            const     0x801'ec48      0x24  xscanffull_nomb.o [2]
  .iar.init_table    const     0x801'ec6c      0x20  - Linker created -
  .rodata            const     0x801'ec8c      0x20  Tahoma16.o [1]
  .rodata            const     0x801'ecac      0x20  Tahoma16.o [1]
  .rodata            const     0x801'eccc      0x20  Tahoma16.o [1]
  .rodata            const     0x801'ecec      0x20  Tahoma16.o [1]
  .rodata            const     0x801'ed0c      0x20  Tahoma16.o [1]
  .rodata            const     0x801'ed2c      0x20  Tahoma16.o [1]
  .rodata            const     0x801'ed4c      0x20  Tahoma16.o [1]
  .rodata            const     0x801'ed6c      0x20  Tahoma16.o [1]
  .rodata            const     0x801'ed8c      0x20  Tahoma16.o [1]
  .rodata            const     0x801'edac      0x20  Tahoma16.o [1]
  .rodata            const     0x801'edcc      0x20  Tahoma16.o [1]
  .rodata            const     0x801'edec      0x20  Tahoma16.o [1]
  .rodata            const     0x801'ee0c      0x20  Tahoma16.o [1]
  .rodata            const     0x801'ee2c      0x20  Tahoma16.o [1]
  .rodata            const     0x801'ee4c      0x20  Tahoma16.o [1]
  .rodata            const     0x801'ee6c      0x20  Tahoma16.o [1]
  .rodata            const     0x801'ee8c      0x20  Tahoma16.o [1]
  .rodata            const     0x801'eeac      0x20  Tahoma16.o [1]
  .rodata            const     0x801'eecc      0x20  Tahoma16.o [1]
  .rodata            const     0x801'eeec      0x20  Tahoma16.o [1]
  .rodata            const     0x801'ef0c      0x20  Tahoma16.o [1]
  .rodata            const     0x801'ef2c      0x20  Tahoma16.o [1]
  .rodata            const     0x801'ef4c      0x20  Tahoma16.o [1]
  .rodata            const     0x801'ef6c      0x20  Tahoma16.o [1]
  .rodata            const     0x801'ef8c      0x20  Tahoma16.o [1]
  .rodata            const     0x801'efac      0x20  Tahoma16.o [1]
  .rodata            const     0x801'efcc      0x20  Tahoma16.o [1]
  .rodata            const     0x801'efec      0x20  Tahoma16.o [1]
  .rodata            const     0x801'f00c      0x20  Tahoma16.o [1]
  .rodata            const     0x801'f02c      0x20  Tahoma16.o [1]
  .rodata            const     0x801'f04c      0x20  Tahoma16.o [1]
  .rodata            const     0x801'f06c      0x20  Tahoma16.o [1]
  .rodata            const     0x801'f08c      0x20  Tahoma16.o [1]
  .rodata            const     0x801'f0ac      0x20  Tahoma16.o [1]
  .rodata            const     0x801'f0cc      0x20  Tahoma16.o [1]
  .rodata            const     0x801'f0ec      0x20  Tahoma16.o [1]
  .rodata            const     0x801'f10c      0x20  Tahoma16.o [1]
  .rodata            const     0x801'f12c      0x20  Tahoma16.o [1]
  .rodata            const     0x801'f14c      0x20  Tahoma16.o [1]
  .rodata            const     0x801'f16c      0x20  Tahoma16.o [1]
  .rodata            const     0x801'f18c      0x20  Tahoma16.o [1]
  .rodata            const     0x801'f1ac      0x20  Tahoma16.o [1]
  .rodata            const     0x801'f1cc      0x20  Tahoma16.o [1]
  .rodata            const     0x801'f1ec      0x20  Tahoma16.o [1]
  .rodata            const     0x801'f20c      0x20  Tahoma16.o [1]
  .rodata            const     0x801'f22c      0x20  Tahoma16.o [1]
  .rodata            const     0x801'f24c      0x20  Tahoma16.o [1]
  .rodata            const     0x801'f26c      0x20  Tahoma16.o [1]
  .rodata            const     0x801'f28c      0x20  Tahoma16.o [1]
  .rodata            const     0x801'f2ac      0x20  Tahoma16.o [1]
  .rodata            const     0x801'f2cc      0x20  Tahoma16.o [1]
  .rodata            const     0x801'f2ec      0x20  Tahoma16.o [1]
  .rodata            const     0x801'f30c      0x20  Tahoma16.o [1]
  .text              ro code   0x801'f32c      0x1e  cmain.o [5]
  .text              ro code   0x801'f34a       0x4  low_level_init.o [2]
  .text              ro code   0x801'f34e       0x4  exit.o [2]
  .text              ro code   0x801'f354       0xa  cexit.o [5]
  .rodata            const     0x801'f360      0x18  OLED.o [1]
  .rodata            const     0x801'f378      0x18  Tahoma12.o [1]
  .rodata            const     0x801'f390      0x18  Tahoma12.o [1]
  .rodata            const     0x801'f3a8      0x18  Tahoma12.o [1]
  .rodata            const     0x801'f3c0      0x18  Tahoma12.o [1]
  .rodata            const     0x801'f3d8      0x18  Tahoma12.o [1]
  .rodata            const     0x801'f3f0      0x18  Tahoma12.o [1]
  .rodata            const     0x801'f408      0x18  Tahoma12.o [1]
  .rodata            const     0x801'f420      0x18  Tahoma12.o [1]
  .rodata            const     0x801'f438      0x18  Tahoma12.o [1]
  .rodata            const     0x801'f450      0x18  Tahoma12.o [1]
  .rodata            const     0x801'f468      0x18  Tahoma12.o [1]
  .rodata            const     0x801'f480      0x18  Tahoma12.o [1]
  .rodata            const     0x801'f498      0x18  Tahoma12.o [1]
  .rodata            const     0x801'f4b0      0x18  Tahoma12.o [1]
  .rodata            const     0x801'f4c8      0x18  Tahoma12.o [1]
  .rodata            const     0x801'f4e0      0x18  Tahoma12.o [1]
  .rodata            const     0x801'f4f8      0x18  Tahoma12.o [1]
  .rodata            const     0x801'f510      0x18  Tahoma12.o [1]
  .text              ro code   0x801'f528      0x16  usbd_customhid_if.o [1]
  .rodata            const     0x801'f540      0x14  dp83848.o [1]
  .rodata            const     0x801'f554      0x14  global_var_v3xx.o [1]
  .rodata            const     0x801'f568      0x14  OLED.o [1]
  .rodata            const     0x801'f57c      0x10  F868_task_v3xx.o [1]
  .rodata            const     0x801'f58c      0x10  OLED.o [1]
  .rodata            const     0x801'f59c      0x10  OLED.o [1]
  .rodata            const     0x801'f5ac      0x10  OLED.o [1]
  .rodata            const     0x801'f5bc      0x10  OLED.o [1]
  .rodata            const     0x801'f5cc      0x10  OLED.o [1]
  .rodata            const     0x801'f5dc      0x10  Tahoma16.o [1]
  .rodata            const     0x801'f5ec      0x10  Tahoma16.o [1]
  .rodata            const     0x801'f5fc      0x10  Tahoma16.o [1]
  .rodata            const     0x801'f60c      0x10  Tahoma16.o [1]
  .rodata            const     0x801'f61c      0x10  Tahoma16.o [1]
  .rodata            const     0x801'f62c      0x10  Tahoma16.o [1]
  .rodata            const     0x801'f63c      0x10  Tahoma16.o [1]
  .rodata            const     0x801'f64c      0x10  Tahoma16.o [1]
  .rodata            const     0x801'f65c      0x10  Tahoma16.o [1]
  .rodata            const     0x801'f66c      0x10  Tahoma16.o [1]
  .rodata            const     0x801'f67c      0x10  Tahoma16.o [1]
  .rodata            const     0x801'f68c      0x10  Tahoma16.o [1]
  .rodata            const     0x801'f69c      0x10  Tahoma16.o [1]
  .rodata            const     0x801'f6ac      0x10  Tahoma16.o [1]
  .rodata            const     0x801'f6bc      0x10  Tahoma16.o [1]
  .rodata            const     0x801'f6cc      0x10  Tahoma16.o [1]
  .rodata            const     0x801'f6dc      0x10  Tahoma16.o [1]
  .rodata            const     0x801'f6ec      0x10  Tahoma16.o [1]
  .rodata            const     0x801'f6fc      0x10  Tahoma16.o [1]
  .rodata            const     0x801'f70c      0x10  Tahoma16.o [1]
  .rodata            const     0x801'f71c      0x10  Tahoma16.o [1]
  .rodata            const     0x801'f72c      0x10  Tahoma16.o [1]
  .rodata            const     0x801'f73c      0x10  Tahoma16.o [1]
  .rodata            const     0x801'f74c      0x10  Tahoma16.o [1]
  .rodata            const     0x801'f75c      0x10  Tahoma16.o [1]
  .rodata            const     0x801'f76c      0x10  Tahoma16.o [1]
  .rodata            const     0x801'f77c      0x10  Tahoma16.o [1]
  .rodata            const     0x801'f78c      0x10  Tahoma16.o [1]
  .rodata            const     0x801'f79c      0x10  Tahoma16.o [1]
  .rodata            const     0x801'f7ac      0x10  Tahoma16.o [1]
  .rodata            const     0x801'f7bc      0x10  Tahoma16.o [1]
  .rodata            const     0x801'f7cc      0x10  Tahoma16.o [1]
  .rodata            const     0x801'f7dc      0x10  Tahoma16.o [1]
  .rodata            const     0x801'f7ec      0x10  Tahoma16.o [1]
  .rodata            const     0x801'f7fc      0x10  Tahoma16.o [1]
  .rodata            const     0x801'f80c      0x10  Tahoma16.o [1]
  .rodata            const     0x801'f81c      0x10  Tahoma16.o [1]
  .rodata            const     0x801'f82c      0x10  Tahoma16.o [1]
  .rodata            const     0x801'f83c      0x10  Tahoma16.o [1]
  .rodata            const     0x801'f84c      0x10  Tahoma16.o [1]
  .rodata            const     0x801'f85c      0x10  Tahoma16.o [1]
  .rodata            const     0x801'f86c      0x10  Tahoma16.o [1]
  .rodata            const     0x801'f87c      0x10  Tahoma16.o [1]
  .rodata            const     0x801'f88c      0x10  Tahoma16.o [1]
  .rodata            const     0x801'f89c      0x10  Tahoma16.o [1]
  .rodata            const     0x801'f8ac      0x10  Tahoma16.o [1]
  .rodata            const     0x801'f8bc      0x10  Tahoma16.o [1]
  .rodata            const     0x801'f8cc      0x10  Tahoma16.o [1]
  .rodata            const     0x801'f8dc      0x10  Tahoma16.o [1]
  .rodata            const     0x801'f8ec      0x10  Tahoma16.o [1]
  .rodata            const     0x801'f8fc      0x10  Tahoma16.o [1]
  .rodata            const     0x801'f90c      0x10  Tahoma16.o [1]
  .rodata            const     0x801'f91c      0x10  Tahoma16.o [1]
  .rodata            const     0x801'f92c      0x10  Tahoma16.o [1]
  .rodata            const     0x801'f93c      0x10  Tahoma16.o [1]
  .rodata            const     0x801'f94c      0x10  Tahoma16.o [1]
  .rodata            const     0x801'f95c      0x10  Tahoma16.o [1]
  .rodata            const     0x801'f96c      0x10  Tahoma16.o [1]
  .rodata            const     0x801'f97c      0x10  Tahoma16.o [1]
  .rodata            const     0x801'f98c      0x10  Tahoma16.o [1]
  .rodata            const     0x801'f99c      0x10  Tahoma16.o [1]
  .rodata            const     0x801'f9ac      0x10  Tahoma16.o [1]
  .rodata            const     0x801'f9bc      0x10  Tahoma16.o [1]
  .rodata            const     0x801'f9cc      0x10  Tahoma16.o [1]
  .rodata            const     0x801'f9dc      0x10  Tahoma16.o [1]
  .rodata            const     0x801'f9ec      0x10  Tahoma16.o [1]
  .rodata            const     0x801'f9fc      0x10  Tahoma16.o [1]
  .rodata            const     0x801'fa0c      0x10  Tahoma16.o [1]
  .rodata            const     0x801'fa1c      0x10  Tahoma16.o [1]
  .rodata            const     0x801'fa2c      0x10  Tahoma16.o [1]
  .rodata            const     0x801'fa3c      0x10  Tahoma16.o [1]
  .rodata            const     0x801'fa4c      0x10  Tahoma16.o [1]
  .rodata            const     0x801'fa5c      0x10  Tahoma16.o [1]
  .rodata            const     0x801'fa6c      0x10  Tahoma16.o [1]
  .rodata            const     0x801'fa7c      0x10  Tahoma16.o [1]
  .rodata            const     0x801'fa8c      0x10  Tahoma16.o [1]
  .rodata            const     0x801'fa9c      0x10  Tahoma16.o [1]
  .rodata            const     0x801'faac      0x10  Tahoma16.o [1]
  .rodata            const     0x801'fabc      0x10  Tahoma16.o [1]
  .rodata            const     0x801'facc      0x10  Tahoma16.o [1]
  .rodata            const     0x801'fadc      0x10  Tahoma16.o [1]
  .rodata            const     0x801'faec      0x10  Tahoma16.o [1]
  .rodata            const     0x801'fafc      0x10  Tahoma16.o [1]
  .rodata            const     0x801'fb0c      0x10  Tahoma16.o [1]
  .rodata            const     0x801'fb1c      0x10  Tahoma16.o [1]
  .rodata            const     0x801'fb2c      0x10  Tahoma16.o [1]
  .rodata            const     0x801'fb3c      0x10  Tahoma16.o [1]
  .rodata            const     0x801'fb4c      0x10  Tahoma16.o [1]
  .rodata            const     0x801'fb5c      0x10  Tahoma16.o [1]
  .rodata            const     0x801'fb6c      0x10  Tahoma16.o [1]
  .rodata            const     0x801'fb7c      0x10  Tahoma16.o [1]
  .rodata            const     0x801'fb8c      0x10  Tahoma16.o [1]
  .rodata            const     0x801'fb9c      0x10  Tahoma16.o [1]
  .rodata            const     0x801'fbac      0x10  Tahoma16.o [1]
  .rodata            const     0x801'fbbc      0x10  Tahoma16.o [1]
  .rodata            const     0x801'fbcc      0x10  Tahoma16.o [1]
  .rodata            const     0x801'fbdc      0x10  Tahoma16.o [1]
  .rodata            const     0x801'fbec      0x10  Tahoma16.o [1]
  .rodata            const     0x801'fbfc      0x10  Tahoma16.o [1]
  .rodata            const     0x801'fc0c      0x10  Tahoma16.o [1]
  .rodata            const     0x801'fc1c      0x10  Tahoma16.o [1]
  .rodata            const     0x801'fc2c      0x10  Tahoma16.o [1]
  .rodata            const     0x801'fc3c      0x10  Tahoma16.o [1]
  .rodata            const     0x801'fc4c      0x10  Tahoma16.o [1]
  .rodata            const     0x801'fc5c      0x10  Tahoma16.o [1]
  .rodata            const     0x801'fc6c      0x10  Tahoma16.o [1]
  .rodata            const     0x801'fc7c      0x10  Tahoma16.o [1]
  .rodata            const     0x801'fc8c      0x10  Tahoma16.o [1]
  .rodata            const     0x801'fc9c      0x10  Tahoma16.o [1]
  .rodata            const     0x801'fcac      0x10  Tahoma16.o [1]
  .rodata            const     0x801'fcbc      0x10  Tahoma16.o [1]
  .rodata            const     0x801'fccc      0x10  Tahoma16.o [1]
  .rodata            const     0x801'fcdc      0x10  Tahoma16.o [1]
  .rodata            const     0x801'fcec      0x10  Tahoma16.o [1]
  .rodata            const     0x801'fcfc      0x10  Tahoma16.o [1]
  .rodata            const     0x801'fd0c      0x10  Tahoma16.o [1]
  .rodata            const     0x801'fd1c      0x10  Tahoma16.o [1]
  .rodata            const     0x801'fd2c      0x10  Tahoma16.o [1]
  .rodata            const     0x801'fd3c      0x10  Tahoma16.o [1]
  .rodata            const     0x801'fd4c      0x10  Tahoma16.o [1]
  .rodata            const     0x801'fd5c      0x10  Tahoma16.o [1]
  .rodata            const     0x801'fd6c      0x10  Tahoma16.o [1]
  .rodata            const     0x801'fd7c      0x10  Tahoma16.o [1]
  .rodata            const     0x801'fd8c      0x10  Tahoma16.o [1]
  .rodata            const     0x801'fd9c      0x10  Tahoma16.o [1]
  .rodata            const     0x801'fdac      0x10  Tahoma16.o [1]
  .rodata            const     0x801'fdbc      0x10  Tahoma16.o [1]
  .rodata            const     0x801'fdcc      0x10  Tahoma16.o [1]
  .rodata            const     0x801'fddc      0x10  Tahoma16.o [1]
  .rodata            const     0x801'fdec      0x10  Tahoma16.o [1]
  .rodata            const     0x801'fdfc       0xc  OLED.o [1]
  .rodata            const     0x801'fe08       0xc  OLED.o [1]
  .rodata            const     0x801'fe14       0xc  OLED.o [1]
  .rodata            const     0x801'fe20       0xc  OLED.o [1]
  .rodata            const     0x801'fe2c       0xc  OLED.o [1]
  .rodata            const     0x801'fe38       0xc  OLED.o [1]
  .rodata            const     0x801'fe44       0xc  OLED.o [1]
  .rodata            const     0x801'fe50       0xc  OLED.o [1]
  .rodata            const     0x801'fe5c       0xc  OLED.o [1]
  .rodata            const     0x801'fe68       0xc  OLED.o [1]
  .rodata            const     0x801'fe74       0xc  OLED.o [1]
  .rodata            const     0x801'fe80       0xc  OLED.o [1]
  .rodata            const     0x801'fe8c       0xc  OLED.o [1]
  .rodata            const     0x801'fe98       0xc  OLED.o [1]
  .rodata            const     0x801'fea4       0xc  OLED.o [1]
  .rodata            const     0x801'feb0       0xc  OLED.o [1]
  .rodata            const     0x801'febc       0xc  OLED.o [1]
  .rodata            const     0x801'fec8       0xc  OLED.o [1]
  .rodata            const     0x801'fed4       0xc  OLED.o [1]
  .rodata            const     0x801'fee0       0xc  OLED.o [1]
  .rodata            const     0x801'feec       0xc  OLED.o [1]
  .rodata            const     0x801'fef8       0xc  OLED.o [1]
  .rodata            const     0x801'ff04       0xc  OLED.o [1]
  .rodata            const     0x801'ff10       0xc  OLED.o [1]
  .rodata            const     0x801'ff1c       0xc  OLED.o [1]
  .rodata            const     0x801'ff28       0xc  OLED.o [1]
  .rodata            const     0x801'ff34       0xc  Tahoma12.o [1]
  .rodata            const     0x801'ff40       0xc  Tahoma12.o [1]
  .rodata            const     0x801'ff4c       0xc  Tahoma12.o [1]
  .rodata            const     0x801'ff58       0xc  Tahoma12.o [1]
  .rodata            const     0x801'ff64       0xc  Tahoma12.o [1]
  .rodata            const     0x801'ff70       0xc  Tahoma12.o [1]
  .rodata            const     0x801'ff7c       0xc  Tahoma12.o [1]
  .rodata            const     0x801'ff88       0xc  Tahoma12.o [1]
  .rodata            const     0x801'ff94       0xc  Tahoma12.o [1]
  .rodata            const     0x801'ffa0       0xc  Tahoma12.o [1]
  .rodata            const     0x801'ffac       0xc  Tahoma12.o [1]
  .rodata            const     0x801'ffb8       0xc  Tahoma12.o [1]
  .rodata            const     0x801'ffc4       0xc  Tahoma12.o [1]
  .rodata            const     0x801'ffd0       0xc  Tahoma12.o [1]
  .rodata            const     0x801'ffdc       0xc  Tahoma12.o [1]
  .rodata            const     0x801'ffe8       0xc  Tahoma12.o [1]
  .rodata            const     0x801'fff4       0xc  Tahoma12.o [1]
  .rodata            const     0x802'0000       0xc  Tahoma12.o [1]
  .rodata            const     0x802'000c       0xc  Tahoma12.o [1]
  .rodata            const     0x802'0018       0xc  Tahoma12.o [1]
  .rodata            const     0x802'0024       0xc  Tahoma12.o [1]
  .rodata            const     0x802'0030       0xc  Tahoma12.o [1]
  .rodata            const     0x802'003c       0xc  Tahoma12.o [1]
  .rodata            const     0x802'0048       0xc  Tahoma12.o [1]
  .rodata            const     0x802'0054       0xc  Tahoma12.o [1]
  .rodata            const     0x802'0060       0xc  Tahoma12.o [1]
  .rodata            const     0x802'006c       0xc  Tahoma12.o [1]
  .rodata            const     0x802'0078       0xc  Tahoma12.o [1]
  .rodata            const     0x802'0084       0xc  Tahoma12.o [1]
  .rodata            const     0x802'0090       0xc  Tahoma12.o [1]
  .rodata            const     0x802'009c       0xc  Tahoma12.o [1]
  .rodata            const     0x802'00a8       0xc  Tahoma12.o [1]
  .rodata            const     0x802'00b4       0xc  Tahoma12.o [1]
  .rodata            const     0x802'00c0       0xc  Tahoma12.o [1]
  .rodata            const     0x802'00cc       0xc  Tahoma12.o [1]
  .rodata            const     0x802'00d8       0xc  Tahoma12.o [1]
  .rodata            const     0x802'00e4       0xc  Tahoma12.o [1]
  .rodata            const     0x802'00f0       0xc  Tahoma12.o [1]
  .rodata            const     0x802'00fc       0xc  Tahoma12.o [1]
  .rodata            const     0x802'0108       0xc  Tahoma12.o [1]
  .rodata            const     0x802'0114       0xc  Tahoma12.o [1]
  .rodata            const     0x802'0120       0xc  Tahoma12.o [1]
  .rodata            const     0x802'012c       0xc  Tahoma12.o [1]
  .rodata            const     0x802'0138       0xc  Tahoma12.o [1]
  .rodata            const     0x802'0144       0xc  Tahoma12.o [1]
  .rodata            const     0x802'0150       0xc  Tahoma12.o [1]
  .rodata            const     0x802'015c       0xc  Tahoma12.o [1]
  .rodata            const     0x802'0168       0xc  Tahoma12.o [1]
  .rodata            const     0x802'0174       0xc  Tahoma12.o [1]
  .rodata            const     0x802'0180       0xc  Tahoma12.o [1]
  .rodata            const     0x802'018c       0xc  Tahoma12.o [1]
  .rodata            const     0x802'0198       0xc  Tahoma12.o [1]
  .rodata            const     0x802'01a4       0xc  Tahoma12.o [1]
  .rodata            const     0x802'01b0       0xc  Tahoma12.o [1]
  .rodata            const     0x802'01bc       0xc  Tahoma12.o [1]
  .rodata            const     0x802'01c8       0xc  Tahoma12.o [1]
  .rodata            const     0x802'01d4       0xc  Tahoma12.o [1]
  .rodata            const     0x802'01e0       0xc  Tahoma12.o [1]
  .rodata            const     0x802'01ec       0xc  Tahoma12.o [1]
  .rodata            const     0x802'01f8       0xc  Tahoma12.o [1]
  .rodata            const     0x802'0204       0xc  Tahoma12.o [1]
  .rodata            const     0x802'0210       0xc  Tahoma12.o [1]
  .rodata            const     0x802'021c       0xc  Tahoma12.o [1]
  .rodata            const     0x802'0228       0xc  Tahoma12.o [1]
  .rodata            const     0x802'0234       0xc  Tahoma12.o [1]
  .rodata            const     0x802'0240       0xc  Tahoma12.o [1]
  .rodata            const     0x802'024c       0xc  Tahoma12.o [1]
  .rodata            const     0x802'0258       0xc  Tahoma12.o [1]
  .rodata            const     0x802'0264       0xc  Tahoma12.o [1]
  .rodata            const     0x802'0270       0xc  Tahoma12.o [1]
  .rodata            const     0x802'027c       0xc  Tahoma12.o [1]
  .rodata            const     0x802'0288       0xc  Tahoma12.o [1]
  .rodata            const     0x802'0294       0xc  Tahoma12.o [1]
  .rodata            const     0x802'02a0       0xc  Tahoma12.o [1]
  .rodata            const     0x802'02ac       0xc  Tahoma12.o [1]
  .rodata            const     0x802'02b8       0xc  Tahoma12.o [1]
  .rodata            const     0x802'02c4       0xc  Tahoma12.o [1]
  .rodata            const     0x802'02d0       0xc  Tahoma12.o [1]
  .rodata            const     0x802'02dc       0xc  Tahoma12.o [1]
  .rodata            const     0x802'02e8       0xc  Tahoma12.o [1]
  .rodata            const     0x802'02f4       0xc  Tahoma12.o [1]
  .rodata            const     0x802'0300       0xc  Tahoma12.o [1]
  .rodata            const     0x802'030c       0xc  Tahoma12.o [1]
  .rodata            const     0x802'0318       0xc  Tahoma12.o [1]
  .rodata            const     0x802'0324       0xc  Tahoma12.o [1]
  .rodata            const     0x802'0330       0xc  Tahoma12.o [1]
  .rodata            const     0x802'033c       0xc  Tahoma12.o [1]
  .rodata            const     0x802'0348       0xc  Tahoma12.o [1]
  .rodata            const     0x802'0354       0xc  Tahoma12.o [1]
  .rodata            const     0x802'0360       0xc  Tahoma12.o [1]
  .rodata            const     0x802'036c       0xc  Tahoma12.o [1]
  .rodata            const     0x802'0378       0xc  Tahoma12.o [1]
  .rodata            const     0x802'0384       0xc  Tahoma12.o [1]
  .rodata            const     0x802'0390       0xc  Tahoma12.o [1]
  .rodata            const     0x802'039c       0xc  Tahoma12.o [1]
  .rodata            const     0x802'03a8       0xc  Tahoma12.o [1]
  .rodata            const     0x802'03b4       0xc  Tahoma12.o [1]
  .rodata            const     0x802'03c0       0xc  Tahoma12.o [1]
  .rodata            const     0x802'03cc       0xc  Tahoma12.o [1]
  .rodata            const     0x802'03d8       0xc  Tahoma12.o [1]
  .rodata            const     0x802'03e4       0xc  Tahoma12.o [1]
  .rodata            const     0x802'03f0       0xc  Tahoma12.o [1]
  .rodata            const     0x802'03fc       0xc  Tahoma12.o [1]
  .rodata            const     0x802'0408       0xc  Tahoma12.o [1]
  .rodata            const     0x802'0414       0xc  Tahoma12.o [1]
  .rodata            const     0x802'0420       0xc  Tahoma12.o [1]
  .rodata            const     0x802'042c       0xc  Tahoma12.o [1]
  .rodata            const     0x802'0438       0xc  Tahoma12.o [1]
  .rodata            const     0x802'0444       0xc  Tahoma12.o [1]
  .rodata            const     0x802'0450       0xc  Tahoma12.o [1]
  .rodata            const     0x802'045c       0xc  Tahoma12.o [1]
  .rodata            const     0x802'0468       0xc  Tahoma12.o [1]
  .rodata            const     0x802'0474       0xc  Tahoma12.o [1]
  .rodata            const     0x802'0480       0xc  Tahoma12.o [1]
  .rodata            const     0x802'048c       0xc  Tahoma12.o [1]
  .rodata            const     0x802'0498       0xc  Tahoma12.o [1]
  .rodata            const     0x802'04a4       0xc  Tahoma12.o [1]
  .rodata            const     0x802'04b0       0xc  Tahoma12.o [1]
  .rodata            const     0x802'04bc       0xc  Tahoma12.o [1]
  .rodata            const     0x802'04c8       0xc  Tahoma12.o [1]
  .rodata            const     0x802'04d4       0xc  Tahoma12.o [1]
  .rodata            const     0x802'04e0       0xc  Tahoma12.o [1]
  .rodata            const     0x802'04ec       0xc  Tahoma12.o [1]
  .rodata            const     0x802'04f8       0xc  Tahoma12.o [1]
  .rodata            const     0x802'0504       0xc  Tahoma12.o [1]
  .rodata            const     0x802'0510       0xc  Tahoma12.o [1]
  .rodata            const     0x802'051c       0xc  Tahoma12.o [1]
  .rodata            const     0x802'0528       0xc  Tahoma12.o [1]
  .rodata            const     0x802'0534       0xc  Tahoma12.o [1]
  .rodata            const     0x802'0540       0xc  Tahoma12.o [1]
  .rodata            const     0x802'054c       0xc  Tahoma12.o [1]
  .rodata            const     0x802'0558       0xc  Tahoma12.o [1]
  .rodata            const     0x802'0564       0xc  Tahoma12.o [1]
  .rodata            const     0x802'0570       0xc  Tahoma12.o [1]
  .rodata            const     0x802'057c       0xc  Tahoma12.o [1]
  .rodata            const     0x802'0588       0xc  Tahoma12.o [1]
  .rodata            const     0x802'0594       0xc  Tahoma12.o [1]
  .rodata            const     0x802'05a0       0xc  Tahoma12.o [1]
  .rodata            const     0x802'05ac       0xc  Tahoma12.o [1]
  .rodata            const     0x802'05b8       0xc  Tahoma12.o [1]
  .rodata            const     0x802'05c4       0xc  Tahoma12.o [1]
  .rodata            const     0x802'05d0       0xc  Tahoma12.o [1]
  .rodata            const     0x802'05dc       0xc  Tahoma12.o [1]
  .rodata            const     0x802'05e8       0xc  Tahoma12.o [1]
  .rodata            const     0x802'05f4       0xc  Tahoma12.o [1]
  .rodata            const     0x802'0600       0xc  Tahoma12.o [1]
  .rodata            const     0x802'060c       0xc  Tahoma12.o [1]
  .rodata            const     0x802'0618       0xc  Tahoma12.o [1]
  .rodata            const     0x802'0624       0xc  Tahoma12.o [1]
  .rodata            const     0x802'0630       0xc  Tahoma12.o [1]
  .rodata            const     0x802'063c       0xc  Tahoma12.o [1]
  .rodata            const     0x802'0648       0xc  Tahoma12.o [1]
  .rodata            const     0x802'0654       0xc  Tahoma12.o [1]
  .rodata            const     0x802'0660       0xc  Tahoma12.o [1]
  .rodata            const     0x802'066c       0xc  Tahoma12.o [1]
  .rodata            const     0x802'0678       0xc  Tahoma12.o [1]
  .rodata            const     0x802'0684       0xc  Tahoma12.o [1]
  .rodata            const     0x802'0690       0xc  Tahoma12.o [1]
  .rodata            const     0x802'069c       0xc  Tahoma12.o [1]
  .rodata            const     0x802'06a8       0xc  Tahoma12.o [1]
  .rodata            const     0x802'06b4       0xc  Tahoma12.o [1]
  .rodata            const     0x802'06c0       0xc  Tahoma12.o [1]
  .text              ro code   0x802'06cc       0xc  cstartup_M.o [5]
  .rodata            const     0x802'06d8       0x8  ethernet.o [1]
  .rodata            const     0x802'06e0       0x8  global_var_v3xx.o [1]
  .rodata            const     0x802'06e8       0x8  logo.o [1]
  .rodata            const     0x802'06f0       0x8  OLED.o [1]
  .rodata            const     0x802'06f8       0x8  Tahoma12.o [1]
  .rodata            const     0x802'0700       0x8  Tahoma12.o [1]
  .rodata            const     0x802'0708       0x8  Tahoma12.o [1]
  .rodata            const     0x802'0710       0x8  Tahoma12.o [1]
  .rodata            const     0x802'0718       0x8  Tahoma12.o [1]
  .rodata            const     0x802'0720       0x8  Tahoma12.o [1]
  .rodata            const     0x802'0728       0x8  Tahoma12.o [1]
  .rodata            const     0x802'0730       0x8  Tahoma12.o [1]
  .rodata            const     0x802'0738       0x8  Tahoma12.o [1]
  .rodata            const     0x802'0740       0x8  Tahoma12.o [1]
  .rodata            const     0x802'0748       0x8  Tahoma12.o [1]
  .rodata            const     0x802'0750       0x8  Tahoma12.o [1]
  .rodata            const     0x802'0758       0x8  Tahoma12.o [1]
  .rodata            const     0x802'0760       0x8  Tahoma12.o [1]
  .rodata            const     0x802'0768       0x8  Tahoma12.o [1]
  .rodata            const     0x802'0770       0x8  Tahoma12.o [1]
  .rodata            const     0x802'0778       0x8  Tahoma12.o [1]
  .rodata            const     0x802'0780       0x8  Tahoma12.o [1]
  .rodata            const     0x802'0788       0x8  Tahoma12.o [1]
  .rodata            const     0x802'0790       0x8  Tahoma12.o [1]
  .rodata            const     0x802'0798       0x8  Tahoma12.o [1]
  .rodata            const     0x802'07a0       0x8  Tahoma12.o [1]
  .rodata            const     0x802'07a8       0x8  Tahoma12.o [1]
  .rodata            const     0x802'07b0       0x8  Tahoma12.o [1]
  .rodata            const     0x802'07b8       0x8  Tahoma12.o [1]
  .rodata            const     0x802'07c0       0x8  Tahoma12.o [1]
  .rodata            const     0x802'07c8       0x8  Tahoma12.o [1]
  .rodata            const     0x802'07d0       0x8  Tahoma12.o [1]
  .rodata            const     0x802'07d8       0x8  Tahoma12.o [1]
  .rodata            const     0x802'07e0       0x8  Tahoma12.o [1]
  .rodata            const     0x802'07e8       0x8  Tahoma12.o [1]
  .rodata            const     0x802'07f0       0x8  Tahoma12.o [1]
  .rodata            const     0x802'07f8       0x8  Tahoma12.o [1]
  .rodata            const     0x802'0800       0x8  Tahoma12.o [1]
  .rodata            const     0x802'0808       0x8  Tahoma12.o [1]
  .rodata            const     0x802'0810       0x8  Tahoma12.o [1]
  .rodata            const     0x802'0818       0x8  Tahoma12.o [1]
  .rodata            const     0x802'0820       0x8  Tahoma12.o [1]
  .rodata            const     0x802'0828       0x8  Tahoma12.o [1]
  .rodata            const     0x802'0830       0x8  Tahoma12.o [1]
  .rodata            const     0x802'0838       0x8  Tahoma12.o [1]
  .rodata            const     0x802'0840       0x8  Tahoma12.o [1]
  .rodata            const     0x802'0848       0x8  Tahoma12.o [1]
  .rodata            const     0x802'0850       0x8  Tahoma12.o [1]
  .rodata            const     0x802'0858       0x8  Tahoma12.o [1]
  .rodata            const     0x802'0860       0x8  Tahoma12.o [1]
  .rodata            const     0x802'0868       0x8  Tahoma12.o [1]
  .rodata            const     0x802'0870       0x8  Tahoma12.o [1]
  .rodata            const     0x802'0878       0x8  Tahoma12.o [1]
  .rodata            const     0x802'0880       0x8  Tahoma12.o [1]
  .rodata            const     0x802'0888       0x8  Tahoma12.o [1]
  .rodata            const     0x802'0890       0x8  Tahoma12.o [1]
  .rodata            const     0x802'0898       0x8  Tahoma12.o [1]
  .rodata            const     0x802'08a0       0x8  Tahoma12.o [1]
  .rodata            const     0x802'08a8       0x8  Tahoma12.o [1]
  .rodata            const     0x802'08b0       0x8  Tahoma12.o [1]
  .rodata            const     0x802'08b8       0x8  Tahoma12.o [1]
  .rodata            const     0x802'08c0       0x8  Tahoma12.o [1]
  .rodata            const     0x802'08c8       0x8  Tahoma12.o [1]
  .rodata            const     0x802'08d0       0x8  Tahoma12.o [1]
  .rodata            const     0x802'08d8       0x8  Tahoma12.o [1]
  .rodata            const     0x802'08e0       0x8  Tahoma12.o [1]
  .rodata            const     0x802'08e8       0x8  Tahoma12.o [1]
  .rodata            const     0x802'08f0       0x8  Tahoma12.o [1]
  .rodata            const     0x802'08f8       0x8  Tahoma12.o [1]
  .rodata            const     0x802'0900       0x8  Tahoma12.o [1]
  .rodata            const     0x802'0908       0x8  Tahoma12.o [1]
  .rodata            const     0x802'0910       0x8  Tahoma12.o [1]
  .rodata            const     0x802'0918       0x8  Tahoma12.o [1]
  .rodata            const     0x802'0920       0x8  Tahoma12.o [1]
  .rodata            const     0x802'0928       0x8  Tahoma12.o [1]
  .rodata            const     0x802'0930       0x8  Tahoma12.o [1]
  .rodata            const     0x802'0938       0x8  Tahoma12.o [1]
  .rodata            const     0x802'0940       0x8  Tahoma12.o [1]
  .rodata            const     0x802'0948       0x8  Tahoma12.o [1]
  .rodata            const     0x802'0950       0x8  Tahoma12.o [1]
  .rodata            const     0x802'0958       0x8  Tahoma12.o [1]
  .rodata            const     0x802'0960       0x8  Tahoma12.o [1]
  .rodata            const     0x802'0968       0x8  Tahoma12.o [1]
  .rodata            const     0x802'0970       0x8  Tahoma12.o [1]
  .rodata            const     0x802'0978       0x8  Tahoma12.o [1]
  .rodata            const     0x802'0980       0x8  Tahoma12.o [1]
  .rodata            const     0x802'0988       0x8  Tahoma12.o [1]
  .rodata            const     0x802'0990       0x8  Tahoma12.o [1]
  .rodata            const     0x802'0998       0x8  Tahoma12.o [1]
  .rodata            const     0x802'09a0       0x8  Tahoma12.o [1]
  .rodata            const     0x802'09a8       0x8  Tahoma12.o [1]
  .rodata            const     0x802'09b0       0x8  Tahoma12.o [1]
  .rodata            const     0x802'09b8       0x8  Tahoma12.o [1]
  .rodata            const     0x802'09c0       0x8  Tahoma12.o [1]
  .rodata            const     0x802'09c8       0x8  Tahoma12.o [1]
  .rodata            const     0x802'09d0       0x8  Tahoma12.o [1]
  .rodata            const     0x802'09d8       0x8  Tahoma12.o [1]
  .rodata            const     0x802'09e0       0x8  Tahoma12.o [1]
  .rodata            const     0x802'09e8       0x8  Tahoma12.o [1]
  .rodata            const     0x802'09f0       0x8  Tahoma12.o [1]
  .rodata            const     0x802'09f8       0x8  Tahoma12.o [1]
  .rodata            const     0x802'0a00       0x8  Tahoma12.o [1]
  .rodata            const     0x802'0a08       0x8  Tahoma12.o [1]
  .rodata            const     0x802'0a10       0x8  Tahoma12.o [1]
  .rodata            const     0x802'0a18       0x8  Tahoma12.o [1]
  .rodata            const     0x802'0a20       0x8  Tahoma12.o [1]
  .rodata            const     0x802'0a28       0x8  Tahoma12.o [1]
  .rodata            const     0x802'0a30       0x8  Tahoma12.o [1]
  .rodata            const     0x802'0a38       0x8  Tahoma12.o [1]
  .rodata            const     0x802'0a40       0x8  Tahoma12.o [1]
  .rodata            const     0x802'0a48       0x8  Tahoma12.o [1]
  .rodata            const     0x802'0a50       0x8  Tahoma12.o [1]
  .rodata            const     0x802'0a58       0x8  Tahoma12.o [1]
  .rodata            const     0x802'0a60       0x8  Tahoma12.o [1]
  .rodata            const     0x802'0a68       0x8  Tahoma12.o [1]
  .rodata            const     0x802'0a70       0x8  Tahoma12.o [1]
  .rodata            const     0x802'0a78       0x8  Tahoma12.o [1]
  .rodata            const     0x802'0a80       0x8  Tahoma12.o [1]
  .rodata            const     0x802'0a88       0x8  Tahoma12.o [1]
  .rodata            const     0x802'0a90       0x8  Tahoma12.o [1]
  .rodata            const     0x802'0a98       0x8  Tahoma12.o [1]
  .rodata            const     0x802'0aa0       0x8  Tahoma12.o [1]
  .rodata            const     0x802'0aa8       0x8  Tahoma12.o [1]
  .rodata            const     0x802'0ab0       0x8  Tahoma12.o [1]
  .rodata            const     0x802'0ab8       0x8  Tahoma12.o [1]
  .rodata            const     0x802'0ac0       0x8  Tahoma12.o [1]
  .rodata            const     0x802'0ac8       0x8  Tahoma12.o [1]
  .rodata            const     0x802'0ad0       0x8  Tahoma12.o [1]
  .rodata            const     0x802'0ad8       0x8  Tahoma12.o [1]
  .rodata            const     0x802'0ae0       0x8  Tahoma12.o [1]
  .rodata            const     0x802'0ae8       0x8  Tahoma12.o [1]
  .rodata            const     0x802'0af0       0x8  Tahoma12.o [1]
  .rodata            const     0x802'0af8       0x8  Tahoma12.o [1]
  .rodata            const     0x802'0b00       0x8  Tahoma12.o [1]
  .rodata            const     0x802'0b08       0x8  Tahoma12.o [1]
  .rodata            const     0x802'0b10       0x8  Tahoma12.o [1]
  .rodata            const     0x802'0b18       0x8  Tahoma12.o [1]
  .rodata            const     0x802'0b20       0x8  Tahoma12.o [1]
  .rodata            const     0x802'0b28       0x8  Tahoma12.o [1]
  .rodata            const     0x802'0b30       0x8  Tahoma12.o [1]
  .rodata            const     0x802'0b38       0x8  Tahoma12.o [1]
  .rodata            const     0x802'0b40       0x8  Tahoma12.o [1]
  .rodata            const     0x802'0b48       0x8  Tahoma12.o [1]
  .rodata            const     0x802'0b50       0x8  Tahoma12.o [1]
  .rodata            const     0x802'0b58       0x8  Tahoma12.o [1]
  .rodata            const     0x802'0b60       0x8  Tahoma12.o [1]
  .rodata            const     0x802'0b68       0x8  Tahoma12.o [1]
  .rodata            const     0x802'0b70       0x8  Tahoma12.o [1]
  .rodata            const     0x802'0b78       0x8  Tahoma12.o [1]
  .rodata            const     0x802'0b80       0x8  Tahoma12.o [1]
  .rodata            const     0x802'0b88       0x8  Tahoma12.o [1]
  .rodata            const     0x802'0b90       0x8  Tahoma12.o [1]
  .rodata            const     0x802'0b98       0x8  Tahoma12.o [1]
  .rodata            const     0x802'0ba0       0x8  Tahoma12.o [1]
  .rodata            const     0x802'0ba8       0x8  Tahoma12.o [1]
  .rodata            const     0x802'0bb0       0x8  Tahoma12.o [1]
  .rodata            const     0x802'0bb8       0x8  Tahoma12.o [1]
  .rodata            const     0x802'0bc0       0x8  Tahoma12.o [1]
  .rodata            const     0x802'0bc8       0x8  Tahoma12.o [1]
  .rodata            const     0x802'0bd0       0x8  Tahoma12.o [1]
  .rodata            const     0x802'0bd8       0x8  Tahoma12.o [1]
  .rodata            const     0x802'0be0       0x8  Tahoma12.o [1]
  .rodata            const     0x802'0be8       0x8  Tahoma12.o [1]
  .rodata            const     0x802'0bf0       0x8  Tahoma12.o [1]
  .rodata            const     0x802'0bf8       0x8  Tahoma12.o [1]
  .rodata            const     0x802'0c00       0x8  Tahoma12.o [1]
  .rodata            const     0x802'0c08       0x8  Tahoma12.o [1]
  .rodata            const     0x802'0c10       0x8  Tahoma12.o [1]
  .rodata            const     0x802'0c18       0x8  Tahoma12.o [1]
  .rodata            const     0x802'0c20       0x8  Tahoma12.o [1]
  .rodata            const     0x802'0c28       0x8  Tahoma12.o [1]
  .rodata            const     0x802'0c30       0x8  Tahoma12.o [1]
  .rodata            const     0x802'0c38       0x8  Tahoma12.o [1]
  .rodata            const     0x802'0c40       0x8  Tahoma12.o [1]
  .rodata            const     0x802'0c48       0x8  Tahoma12.o [1]
  .rodata            const     0x802'0c50       0x8  Tahoma12.o [1]
  .rodata            const     0x802'0c58       0x8  Tahoma12.o [1]
  .rodata            const     0x802'0c60       0x8  Tahoma12.o [1]
  .rodata            const     0x802'0c68       0x8  Tahoma12.o [1]
  .rodata            const     0x802'0c70       0x8  Tahoma12.o [1]
  .rodata            const     0x802'0c78       0x8  Tahoma12.o [1]
  .rodata            const     0x802'0c80       0x8  Tahoma12.o [1]
  .rodata            const     0x802'0c88       0x8  Tahoma12.o [1]
  .rodata            const     0x802'0c90       0x8  Tahoma12.o [1]
  .rodata            const     0x802'0c98       0x8  Tahoma12.o [1]
  .rodata            const     0x802'0ca0       0x8  Tahoma12.o [1]
  .rodata            const     0x802'0ca8       0x8  Tahoma12.o [1]
  .rodata            const     0x802'0cb0       0x8  Tahoma12.o [1]
  .rodata            const     0x802'0cb8       0x8  Tahoma12.o [1]
  .rodata            const     0x802'0cc0       0x8  Tahoma16.o [1]
  .rodata            const     0x802'0cc8       0x8  Tahoma16.o [1]
  .rodata            const     0x802'0cd0       0x8  Tahoma16.o [1]
  .rodata            const     0x802'0cd8       0x8  Tahoma16.o [1]
  .rodata            const     0x802'0ce0       0x8  Tahoma16.o [1]
  .rodata            const     0x802'0ce8       0x8  Tahoma16.o [1]
  .rodata            const     0x802'0cf0       0x8  Tahoma16.o [1]
  .rodata            const     0x802'0cf8       0x8  Tahoma16.o [1]
  .rodata            const     0x802'0d00       0x8  Tahoma16.o [1]
  .rodata            const     0x802'0d08       0x8  Tahoma16.o [1]
  .rodata            const     0x802'0d10       0x8  Tahoma16.o [1]
  .rodata            const     0x802'0d18       0x8  Tahoma16.o [1]
  .rodata            const     0x802'0d20       0x8  Tahoma16.o [1]
  .rodata            const     0x802'0d28       0x8  Tahoma16.o [1]
  .rodata            const     0x802'0d30       0x8  Tahoma16.o [1]
  .rodata            const     0x802'0d38       0x8  Tahoma16.o [1]
  .rodata            const     0x802'0d40       0x8  Tahoma16.o [1]
  .rodata            const     0x802'0d48       0x8  Tahoma16.o [1]
  .rodata            const     0x802'0d50       0x8  Tahoma16.o [1]
  .rodata            const     0x802'0d58       0x8  Tahoma16.o [1]
  .rodata            const     0x802'0d60       0x8  Tahoma16.o [1]
  .rodata            const     0x802'0d68       0x8  Tahoma16.o [1]
  .rodata            const     0x802'0d70       0x8  Tahoma16.o [1]
  .rodata            const     0x802'0d78       0x8  Tahoma16.o [1]
  .rodata            const     0x802'0d80       0x8  Tahoma16.o [1]
  .rodata            const     0x802'0d88       0x8  Tahoma16.o [1]
  .rodata            const     0x802'0d90       0x8  Tahoma16.o [1]
  .rodata            const     0x802'0d98       0x8  Tahoma16.o [1]
  .rodata            const     0x802'0da0       0x8  Tahoma16.o [1]
  .rodata            const     0x802'0da8       0x8  Tahoma16.o [1]
  .rodata            const     0x802'0db0       0x8  Tahoma16.o [1]
  .rodata            const     0x802'0db8       0x8  Tahoma16.o [1]
  .rodata            const     0x802'0dc0       0x8  Tahoma16.o [1]
  .rodata            const     0x802'0dc8       0x8  Tahoma16.o [1]
  .rodata            const     0x802'0dd0       0x8  Tahoma16.o [1]
  .rodata            const     0x802'0dd8       0x8  Tahoma16.o [1]
  .rodata            const     0x802'0de0       0x8  Tahoma16.o [1]
  .rodata            const     0x802'0de8       0x8  Tahoma16.o [1]
  .rodata            const     0x802'0df0       0x8  Tahoma16.o [1]
  .rodata            const     0x802'0df8       0x8  Tahoma16.o [1]
  .rodata            const     0x802'0e00       0x8  Tahoma16.o [1]
  .rodata            const     0x802'0e08       0x8  Tahoma16.o [1]
  .rodata            const     0x802'0e10       0x8  Tahoma16.o [1]
  .rodata            const     0x802'0e18       0x8  Tahoma16.o [1]
  .rodata            const     0x802'0e20       0x8  Tahoma16.o [1]
  .rodata            const     0x802'0e28       0x8  Tahoma16.o [1]
  .rodata            const     0x802'0e30       0x8  Tahoma16.o [1]
  .rodata            const     0x802'0e38       0x8  Tahoma16.o [1]
  .rodata            const     0x802'0e40       0x8  Tahoma16.o [1]
  .rodata            const     0x802'0e48       0x8  Tahoma16.o [1]
  .rodata            const     0x802'0e50       0x8  Tahoma16.o [1]
  .rodata            const     0x802'0e58       0x8  Tahoma16.o [1]
  .rodata            const     0x802'0e60       0x8  Tahoma16.o [1]
  .rodata            const     0x802'0e68       0x8  Tahoma16.o [1]
  .rodata            const     0x802'0e70       0x8  Tahoma16.o [1]
  .rodata            const     0x802'0e78       0x8  Tahoma16.o [1]
  .rodata            const     0x802'0e80       0x8  Tahoma16.o [1]
  .rodata            const     0x802'0e88       0x8  Tahoma16.o [1]
  .rodata            const     0x802'0e90       0x8  Tahoma16.o [1]
  .rodata            const     0x802'0e98       0x8  Tahoma16.o [1]
  .rodata            const     0x802'0ea0       0x8  Tahoma16.o [1]
  .rodata            const     0x802'0ea8       0x8  Tahoma16.o [1]
  .rodata            const     0x802'0eb0       0x8  Tahoma16.o [1]
  .rodata            const     0x802'0eb8       0x8  Tahoma16.o [1]
  .rodata            const     0x802'0ec0       0x8  Tahoma16.o [1]
  .rodata            const     0x802'0ec8       0x8  Tahoma16.o [1]
  .rodata            const     0x802'0ed0       0x8  Tahoma16.o [1]
  .rodata            const     0x802'0ed8       0x8  Tahoma16.o [1]
  .rodata            const     0x802'0ee0       0x8  Tahoma16.o [1]
  .rodata            const     0x802'0ee8       0x8  Tahoma16.o [1]
  .rodata            const     0x802'0ef0       0x8  Tahoma16.o [1]
  .rodata            const     0x802'0ef8       0x8  Tahoma16.o [1]
  .rodata            const     0x802'0f00       0x8  Tahoma16.o [1]
  .rodata            const     0x802'0f08       0x8  Tahoma16.o [1]
  .rodata            const     0x802'0f10       0x8  Tahoma16.o [1]
  .rodata            const     0x802'0f18       0x8  Tahoma16.o [1]
  .rodata            const     0x802'0f20       0x8  Tahoma16.o [1]
  .rodata            const     0x802'0f28       0x8  Tahoma16.o [1]
  .rodata            const     0x802'0f30       0x8  Tahoma16.o [1]
  .rodata            const     0x802'0f38       0x8  Tahoma16.o [1]
  .rodata            const     0x802'0f40       0x8  Tahoma16.o [1]
  .rodata            const     0x802'0f48       0x8  Tahoma16.o [1]
  .rodata            const     0x802'0f50       0x8  Tahoma16.o [1]
  .rodata            const     0x802'0f58       0x8  Tahoma16.o [1]
  .rodata            const     0x802'0f60       0x8  Tahoma16.o [1]
  .rodata            const     0x802'0f68       0x8  Tahoma16.o [1]
  .rodata            const     0x802'0f70       0x8  Tahoma16.o [1]
  .rodata            const     0x802'0f78       0x8  Tahoma16.o [1]
  .rodata            const     0x802'0f80       0x8  Tahoma16.o [1]
  .rodata            const     0x802'0f88       0x8  Tahoma16.o [1]
  .rodata            const     0x802'0f90       0x8  Tahoma16.o [1]
  .rodata            const     0x802'0f98       0x8  Tahoma16.o [1]
  .rodata            const     0x802'0fa0       0x8  Tahoma16.o [1]
  .rodata            const     0x802'0fa8       0x8  Tahoma16.o [1]
  .rodata            const     0x802'0fb0       0x8  Tahoma16.o [1]
  .rodata            const     0x802'0fb8       0x8  Tahoma16.o [1]
  .rodata            const     0x802'0fc0       0x8  Tahoma16.o [1]
  .rodata            const     0x802'0fc8       0x8  Tahoma16.o [1]
  .rodata            const     0x802'0fd0       0x8  Tahoma16.o [1]
  .rodata            const     0x802'0fd8       0x8  Tahoma16.o [1]
  .rodata            const     0x802'0fe0       0x8  Tahoma16.o [1]
  .rodata            const     0x802'0fe8       0x8  Tahoma16.o [1]
  .rodata            const     0x802'0ff0       0x8  Tahoma16.o [1]
  .rodata            const     0x802'0ff8       0x8  Tahoma16.o [1]
  .rodata            const     0x802'1000       0x8  Tahoma16.o [1]
  .rodata            const     0x802'1008       0x8  Tahoma16.o [1]
  .rodata            const     0x802'1010       0x8  Tahoma16.o [1]
  .rodata            const     0x802'1018       0x8  Tahoma16.o [1]
  .rodata            const     0x802'1020       0x8  Tahoma16.o [1]
  .rodata            const     0x802'1028       0x8  Tahoma16.o [1]
  .rodata            const     0x802'1030       0x8  Tahoma16.o [1]
  .rodata            const     0x802'1038       0x8  Tahoma16.o [1]
  .rodata            const     0x802'1040       0x8  Tahoma16.o [1]
  .rodata            const     0x802'1048       0x8  Tahoma16.o [1]
  .rodata            const     0x802'1050       0x8  Tahoma16.o [1]
  .rodata            const     0x802'1058       0x8  Tahoma16.o [1]
  .rodata            const     0x802'1060       0x8  Tahoma16.o [1]
  .rodata            const     0x802'1068       0x8  Tahoma16.o [1]
  .rodata            const     0x802'1070       0x8  Tahoma16.o [1]
  .rodata            const     0x802'1078       0x8  Tahoma16.o [1]
  .rodata            const     0x802'1080       0x8  Tahoma16.o [1]
  .rodata            const     0x802'1088       0x8  Tahoma16.o [1]
  .rodata            const     0x802'1090       0x8  Tahoma16.o [1]
  .rodata            const     0x802'1098       0x8  Tahoma16.o [1]
  .rodata            const     0x802'10a0       0x8  Tahoma16.o [1]
  .rodata            const     0x802'10a8       0x8  Tahoma16.o [1]
  .rodata            const     0x802'10b0       0x8  Tahoma16.o [1]
  .rodata            const     0x802'10b8       0x8  Tahoma16.o [1]
  .rodata            const     0x802'10c0       0x8  Tahoma16.o [1]
  .rodata            const     0x802'10c8       0x8  Tahoma16.o [1]
  .rodata            const     0x802'10d0       0x8  Tahoma16.o [1]
  .rodata            const     0x802'10d8       0x8  Tahoma16.o [1]
  .rodata            const     0x802'10e0       0x8  Tahoma16.o [1]
  .rodata            const     0x802'10e8       0x8  Tahoma16.o [1]
  .rodata            const     0x802'10f0       0x8  Tahoma16.o [1]
  .rodata            const     0x802'10f8       0x8  Tahoma16.o [1]
  .rodata            const     0x802'1100       0x8  Tahoma16.o [1]
  .rodata            const     0x802'1108       0x8  Tahoma16.o [1]
  .rodata            const     0x802'1110       0x8  Tahoma16.o [1]
  .rodata            const     0x802'1118       0x8  Tahoma16.o [1]
  .rodata            const     0x802'1120       0x8  Tahoma16.o [1]
  .rodata            const     0x802'1128       0x8  Tahoma16.o [1]
  .rodata            const     0x802'1130       0x8  Tahoma16.o [1]
  .rodata            const     0x802'1138       0x8  Tahoma16.o [1]
  .rodata            const     0x802'1140       0x8  Tahoma16.o [1]
  .rodata            const     0x802'1148       0x8  Tahoma16.o [1]
  .rodata            const     0x802'1150       0x8  Tahoma16.o [1]
  .rodata            const     0x802'1158       0x8  Tahoma16.o [1]
  .rodata            const     0x802'1160       0x8  Tahoma16.o [1]
  .rodata            const     0x802'1168       0x8  Tahoma16.o [1]
  .rodata            const     0x802'1170       0x8  Tahoma16.o [1]
  .rodata            const     0x802'1178       0x8  Tahoma16.o [1]
  .rodata            const     0x802'1180       0x8  Tahoma16.o [1]
  .rodata            const     0x802'1188       0x8  Tahoma16.o [1]
  .rodata            const     0x802'1190       0x8  Tahoma16.o [1]
  .rodata            const     0x802'1198       0x8  Tahoma16.o [1]
  .rodata            const     0x802'11a0       0x8  Tahoma16.o [1]
  .rodata            const     0x802'11a8       0x8  Tahoma16.o [1]
  .rodata            const     0x802'11b0       0x8  Tahoma16.o [1]
  .rodata            const     0x802'11b8       0x8  Tahoma16.o [1]
  .rodata            const     0x802'11c0       0x8  Tahoma16.o [1]
  .rodata            const     0x802'11c8       0x8  Tahoma16.o [1]
  .rodata            const     0x802'11d0       0x8  Tahoma16.o [1]
  .rodata            const     0x802'11d8       0x8  Tahoma16.o [1]
  .rodata            const     0x802'11e0       0x8  Tahoma16.o [1]
  .rodata            const     0x802'11e8       0x8  Tahoma16.o [1]
  .rodata            const     0x802'11f0       0x8  Tahoma16.o [1]
  .rodata            const     0x802'11f8       0x8  Tahoma16.o [1]
  .rodata            const     0x802'1200       0x8  Tahoma16.o [1]
  .rodata            const     0x802'1208       0x8  Tahoma16.o [1]
  .rodata            const     0x802'1210       0x8  Tahoma16.o [1]
  .rodata            const     0x802'1218       0x8  Tahoma16.o [1]
  .rodata            const     0x802'1220       0x8  Tahoma16.o [1]
  .rodata            const     0x802'1228       0x8  Tahoma16.o [1]
  .rodata            const     0x802'1230       0x8  Tahoma16.o [1]
  .rodata            const     0x802'1238       0x8  Tahoma16.o [1]
  .rodata            const     0x802'1240       0x8  Tahoma16.o [1]
  .rodata            const     0x802'1248       0x8  Tahoma16.o [1]
  .rodata            const     0x802'1250       0x8  Tahoma16.o [1]
  .rodata            const     0x802'1258       0x8  Tahoma16.o [1]
  .rodata            const     0x802'1260       0x8  Tahoma16.o [1]
  .rodata            const     0x802'1268       0x8  Tahoma16.o [1]
  .rodata            const     0x802'1270       0x8  Tahoma16.o [1]
  .rodata            const     0x802'1278       0x8  Tahoma16.o [1]
  .rodata            const     0x802'1280       0x8  Tahoma16.o [1]
  .rodata            const     0x802'1288       0x8  xprintffull_nomb.o [2]
  .rodata            const     0x802'1290       0x4  OLED.o [1]
  .rodata            const     0x802'1294       0x4  OLED.o [1]
  .rodata            const     0x802'1298       0x4  OLED.o [1]
  .rodata            const     0x802'129c       0x4  OLED.o [1]
  .rodata            const     0x802'12a0       0x4  OLED.o [1]
  .rodata            const     0x802'12a4       0x4  OLED.o [1]
  .rodata            const     0x802'12a8       0x0  zero_init3.o [5]
  .rodata            const     0x802'12a8       0x0  lz77_init_single.o [5]
  Initializer bytes  const     0x802'12a8     0x301  <for P2-1>
                             - 0x802'15a9  0x1'd451

"P2", part 1 of 3:                            0x93c
  P2-1                        0x2000'0000     0x93c  <Init block>
    .data            inited   0x2000'0000       0x4  global_var_v3xx.o [1]
    .data            inited   0x2000'0004       0x4  global_var_v3xx.o [1]
    .data            inited   0x2000'0008       0x4  global_var_v3xx.o [1]
    .data            inited   0x2000'000c     0x434  OLED.o [1]
    .data            inited   0x2000'0440      0x80  OLED.o [1]
    .data            inited   0x2000'04c0      0xcc  OLED.o [1]
    .data            inited   0x2000'058c       0xc  OLED.o [1]
    .data            inited   0x2000'0598      0x18  OLED.o [1]
    .data            inited   0x2000'05b0      0x1c  OLED.o [1]
    .data            inited   0x2000'05cc      0x18  OLED.o [1]
    .data            inited   0x2000'05e4      0x18  OLED.o [1]
    .data            inited   0x2000'05fc      0x10  OLED.o [1]
    .data            inited   0x2000'060c      0x18  OLED.o [1]
    .data            inited   0x2000'0624      0x30  OLED.o [1]
    .data            inited   0x2000'0654      0x18  OLED.o [1]
    .data            inited   0x2000'066c      0x18  OLED.o [1]
    .data            inited   0x2000'0684      0x54  OLED.o [1]
    .data            inited   0x2000'06d8      0x24  OLED.o [1]
    .data            inited   0x2000'06fc       0x8  OLED.o [1]
    .data            inited   0x2000'0704      0x18  OLED.o [1]
    .data            inited   0x2000'071c      0x38  OLED.o [1]
    .data            inited   0x2000'0754      0x10  usbd_cdc_if_template.o [1]
    .data            inited   0x2000'0764       0x8  usbd_cdc_if_template.o [1]
    .data            inited   0x2000'076c      0x38  usbd_customhid.o [1]
    .data            inited   0x2000'07a4      0x6c  usbd_customhid.o [1]
    .data            inited   0x2000'0810       0xc  usbd_customhid.o [1]
    .data            inited   0x2000'081c       0xc  usbd_customhid.o [1]
    .data            inited   0x2000'0828      0x18  usbd_customhid_if.o [1]
    .data            inited   0x2000'0840      0x14  usbd_customhid_if.o [1]
    .data            inited   0x2000'0854      0x1c  usbd_desc.o [1]
    .data            inited   0x2000'0870      0x1c  usbd_desc.o [1]
    .data            inited   0x2000'088c      0x28  OSGLOBAL.o [4]
    .data            inited   0x2000'08b4      0x38  xlocale_c.o [2]
    .data            inited   0x2000'08ec      0x48  xlocale_c.o [2]
    .data            inited   0x2000'0934       0x8  OLED.o [1]
                            - 0x2000'093c     0x93c

"P2", part 2 of 3:                           0xac2c
  .bss               zero     0x2000'093c    0x3c40  net_mem.o [1]
  .bss               zero     0x2000'457c    0x1bc8  OS_Start.o [1]
  .bss               zero     0x2000'6144    0x184c  stm32f107_eth.o [1]
  .bss               zero     0x2000'7990     0xd50  socket.o [1]
  .bss               zero     0x2000'86e0     0x6d8  OS_MQTT_task.o [1]
  .bss               zero     0x2000'8db8     0x4c0  net.o [1]
  .bss               zero     0x2000'9278     0x4a0  net.o [1]
  .bss               zero     0x2000'9718     0x408  OS_IP_task.o [1]
  .bss               zero     0x2000'9b20     0x400  global_var_v3xx.o [1]
  .bss               zero     0x2000'9f20     0x3a8  usbd_conf.o [1]
  .bss               zero     0x2000'a2c8     0x340  dns_cache.o [1]
  .bss               zero     0x2000'a608     0x2e0  USB_Task.o [1]
  .bss               zero     0x2000'a8e8     0x258  OS_IP_task.o [1]
  .bss               zero     0x2000'ab40     0x21c  usbd_cdc.o [1]
  .bss               zero     0x2000'ad5c     0x1d8  dlmalloc.o [2]
  .bss               zero     0x2000'af34     0x140  UARTs_task.o [1]
  .bss               zero     0x2000'b074     0x100  usbd_desc.o [1]
  .bss               zero     0x2000'b174      0xb0  udp.o [1]
  .bss               zero     0x2000'b224      0x9c  usbd_customhid.o [1]
  .bss               zero     0x2000'b2c0      0x94  IP_init.o [1]
  .bss               zero     0x2000'b354      0x84  WIFI_task.o [1]
  .bss               zero     0x2000'b3d8      0x38  usbd_cdc_if_template.o [1]
  .bss               zero     0x2000'b410      0x34  F868_task_v3xx.o [1]
  .bss               zero     0x2000'b444      0x2c  sx1276.o [1]
  .bss               zero     0x2000'b470      0x20  F868_task_v3xx.o [1]
  .bss               zero     0x2000'b490      0x20  global_var_v3xx.o [1]
  .bss               zero     0x2000'b4b0      0x20  usbd_cdc_if_template.o [1]
  .bss               zero     0x2000'b4d0      0x18  dlmalloc.o [2]
  .bss               zero     0x2000'b4e8      0x14  OS_Alloc.o [4]
  .bss               zero     0x2000'b4fc       0x8  global_var_v3xx.o [1]
  .bss               zero     0x2000'b504       0x8  global_var_v3xx.o [1]
  .bss               zero     0x2000'b50c       0x8  utilites.o [1]
  .bss               zero     0x2000'b514       0x6  UARTs_task.o [1]
  .bss               zero     0x2000'b51a       0x2  global_var_v3xx.o [1]
  .bss               zero     0x2000'b51c       0x4  arp.o [1]
  .bss               zero     0x2000'b520       0x4  dhcp_client.o [1]
  .bss               zero     0x2000'b524       0x4  dns_cache.o [1]
  .bss               zero     0x2000'b528       0x4  global_var_v3xx.o [1]
  .bss               zero     0x2000'b52c       0x4  igmp.o [1]
[...]
mqttClientProcessPubAck
                         0x801'acf1    0x52  Code  Gb  mqtt_client_packet.o [1]
mqttClientProcessPubComp
                         0x801'ade9    0x4e  Code  Gb  mqtt_client_packet.o [1]
mqttClientProcessPubRec
                         0x801'ad43    0x50  Code  Gb  mqtt_client_packet.o [1]
mqttClientProcessPubRel
                         0x801'ad99    0x50  Code  Gb  mqtt_client_packet.o [1]
mqttClientProcessPublish
                         0x801'ac27    0xca  Code  Gb  mqtt_client_packet.o [1]
mqttClientProcessSubAck
                         0x801'ae37    0x4e  Code  Gb  mqtt_client_packet.o [1]
mqttClientProcessUnsubAck
                         0x801'ae85    0x4e  Code  Gb  mqtt_client_packet.o [1]
mqttClientPublish        0x801'a67b    0x94  Code  Gb  mqtt_client.o [1]
mqttClientReceiveData    0x801'b637    0x4a  Code  Gb  mqtt_client_transport.o [1]
mqttClientReceivePacket
                         0x801'a9f5    0xb2  Code  Gb  mqtt_client_packet.o [1]
mqttClientSendData       0x801'b61b    0x1c  Code  Gb  mqtt_client_transport.o [1]
mqttClientSetAuthInfo    0x801'a56f    0x44  Code  Gb  mqtt_client.o [1]
mqttClientSetIdentifier
                         0x801'a543    0x2c  Code  Gb  mqtt_client.o [1]
mqttClientSetTimeout     0x801'a537     0xc  Code  Gb  mqtt_client.o [1]
mqttClientSetTransportProtocol
                         0x801'a52b     0xc  Code  Gb  mqtt_client.o [1]
mqttClientWaitForData    0x801'b681    0x42  Code  Gb  mqtt_client_transport.o [1]
mqttDeserializeByte      0x801'b50b    0x1c  Code  Gb  mqtt_client_misc.o [1]
mqttDeserializeHeader    0x801'b473    0x98  Code  Gb  mqtt_client_misc.o [1]
mqttDeserializeShort     0x801'b527    0x24  Code  Gb  mqtt_client_misc.o [1]
mqttDeserializeString    0x801'b54b    0x2e  Code  Gb  mqtt_client_misc.o [1]
mqttSerializeByte        0x801'b3e3    0x18  Code  Gb  mqtt_client_misc.o [1]
mqttSerializeData        0x801'b451    0x22  Code  Gb  mqtt_client_misc.o [1]
mqttSerializeHeader      0x801'b35d    0x86  Code  Gb  mqtt_client_misc.o [1]
mqttSerializeShort       0x801'b3fb    0x22  Code  Gb  mqtt_client_misc.o [1]
mqttSerializeString      0x801'b41d    0x34  Code  Gb  mqtt_client_misc.o [1]
nbnsCompareName          0x801'5b25    0x92  Code  Gb  nbns_common.o [1]
nbnsEncodeName           0x801'5a43    0x60  Code  Gb  nbns_common.o [1]
nbnsInit                 0x801'59c1    0x16  Code  Gb  nbns_common.o [1]
nbnsParseName            0x801'5aa3    0x82  Code  Gb  nbns_common.o [1]
nbnsProcessMessage       0x801'59d9    0x6a  Code  Gb  nbns_common.o [1]
nbnsProcessQuery         0x801'8efd    0x76  Code  Gb  nbns_responder.o [1]
nbnsProcessResponse      0x801'7af5    0xd6  Code  Gb  nbns_client.o [1]
nbnsResolve              0x801'797d    0xdc  Code  Gb  nbns_client.o [1]
nbnsSendQuery            0x801'7a59    0x9c  Code  Gb  nbns_client.o [1]
nbnsSendResponse         0x801'8f73    0xb2  Code  Gb  nbns_responder.o [1]
ndigs                    0x801'ea2c    0x28  Data  Lc  iar_Stoullx.o [2]
netBufferAlloc           0x801'38d3    0x48  Code  Gb  net_mem.o [1]
netBufferAppend          0x801'3c25    0x24  Code  Gb  net_mem.o [1]
netBufferAt              0x801'3a91    0x30  Code  Gb  net_mem.o [1]
netBufferConcat          0x801'3ac1    0x8e  Code  Gb  net_mem.o [1]
netBufferCopy            0x801'3b4f    0xd0  Code  Gb  net_mem.o [1]
netBufferFree            0x801'391b    0x12  Code  Gb  net_mem.o [1]
netBufferGetLength       0x801'392d    0x20  Code  Gb  net_mem.o [1]
netBufferRead            0x801'3c9b    0x52  Code  Gb  net_mem.o [1]
netBufferSetLength       0x801'394d   0x13e  Code  Gb  net_mem.o [1]
netBufferWrite           0x801'3c49    0x52  Code  Gb  net_mem.o [1]
netConfigInterface       0x800'fd5f    0xa2  Code  Gb  net.o [1]
netEvent                0x2000'9300     0x8  Data  Gb  net.o [1]
netGetDefaultInterface   0x800'ff79     0x4  Code  Gb  net.o [1]
netGetLinkState          0x800'fd3b    0x24  Code  Gb  net.o [1]
netGetMacAddr            0x800'fc6f    0x26  Code  Gb  net.o [1]
netGetRand               0x800'ff89    0x36  Code  Gb  net.o [1]
netGetRandRange          0x800'ffbf    0x44  Code  Gb  net.o [1]
netInit                  0x800'fb5d    0xe0  Code  Gb  net.o [1]
netInitRand              0x800'ff7d     0xc  Code  Gb  net.o [1]
netInterface            0x2000'8db8   0x4c0  Data  Gb  net.o [1]
netInvokeLinkChangeCallback
                         0x801'0003    0xc4  Code  Gb  net.o [1]
netMutex                0x2000'92f0    0x10  Data  Gb  net.o [1]
netSetDriver             0x800'fcfb    0x20  Code  Gb  net.o [1]
netSetHostname           0x800'fcd1    0x2a  Code  Gb  net.o [1]
netSetInterfaceName      0x800'fca7    0x2a  Code  Gb  net.o [1]
netSetMacAddr            0x800'fc3d    0x32  Code  Gb  net.o [1]
netSetPhyDriver          0x800'fd1b    0x20  Code  Gb  net.o [1]
netTask                  0x800'fe01    0xbc  Code  Gb  net.o [1]
netTaskHandle           0x2000'92c8    0x28  Data  Gb  net.o [1]
netTaskRunning          0x2000'92c0     0x4  Data  Lc  net.o [1]
netTick                  0x800'febd    0xbc  Code  Gb  net.o [1]
netTimestamp            0x2000'92c4     0x4  Data  Lc  net.o [1]
nicDriverInterface      0x2000'6184     0x4  Data  Lc  stm32f107_eth.o [1]
nicNotifyLinkChange      0x801'5c7b    0xec  Code  Gb  nic.o [1]
nicProcessPacket         0x801'5c49    0x32  Code  Gb  nic.o [1]
nicSendPacket            0x801'5bdf    0x44  Code  Gb  nic.o [1]
nicSetMulticastFilter    0x801'5c23    0x26  Code  Gb  nic.o [1]
nicTick                  0x801'5bb9    0x26  Code  Gb  nic.o [1]
nicTickCounter          0x2000'b538     0x4  Data  Gb  nic.o [1]
octet_size               0x800'47bf    0x3e  Code  Gb  OLED.o [1]
oled_init_seq1           0x800'429c    0x10  Data  Lc  OLED.o [1]
oled_init_seq2           0x800'42ac    0x10  Data  Lc  OLED.o [1]
oled_init_seq3           0x800'42bc    0x10  Data  Lc  OLED.o [1]
oled_set_adr_atbegin1    0x800'420c     0x8  Data  Lc  OLED.o [1]
oled_set_adr_atbegin2    0x800'4214     0x8  Data  Lc  OLED.o [1]
oled_set_adr_atbegin3    0x800'421c     0x8  Data  Lc  OLED.o [1]
osCreateEvent            0x801'37dd     0xa  Code  Gb  pp_rtos.o [1]
osCreateMutex            0x801'380f     0xa  Code  Gb  pp_rtos.o [1]
osSetEventFromIsr        0x801'3805     0xa  Code  Gb  pp_rtos.o [1]
osWaitForEvent           0x801'37e7    0x1e  Code  Gb  pp_rtos.o [1]
pack_ip                  0x800'76e1    0x36  Code  Gb  utilites.o [1]
parse_ip                 0x800'76bd    0x24  Code  Gb  utilites.o [1]
phid                    0x2000'b224    0x9c  Data  Gb  usbd_customhid.o [1]
pows                     0x801'eaa0    0x48  Data  Lc  strto64.o [3]
pre_measure             0x2000'b470    0x20  Data  Lc  F868_task_v3xx.o [1]
prngState               0x2000'b534     0x4  Data  Lc  net.o [1]
ranmatch                 0x800'f175    0x42  Code  Lc  xscanffull_nomb.o [2]
recv                     0x801'ddad    0x3c  Code  Gb  bsd_socket.o [1]
recvfrom                 0x801'dde9    0x80  Code  Gb  bsd_socket.o [1]
rxBuffer                0x2000'6d90   0xc00  Data  Lc  stm32f107_eth.o [1]
rxCurDmaDesc            0x2000'618c     0x4  Data  Lc  stm32f107_eth.o [1]
rxDmaDesc               0x2000'6164    0x20  Data  Lc  stm32f107_eth.o [1]
scalbln                  0x801'23fd          Code  Gb  ldexp.o [3]
scalblnl                 0x801'23fd          Code  Gb  ldexp.o [3]
scalbn                   0x801'23fd          Code  Gb  ldexp.o [3]
scalbnl                  0x801'23fd          Code  Gb  ldexp.o [3]
scale                    0x800'bb17    0x46  Code  Lc  xprintffull_nomb.o [2]
scan_keys                0x800'7441    0x48  Code  Gb  utilites.o [1]
scan_keys::keySave      0x2000'b50c     0x1  Data  Lc  utilites.o [1]
scan_keys::keyTimer     0x2000'b510     0x4  Data  Lc  utilites.o [1]
sec_hand                0x2000'b558     0x4  Data  Lc  xfail_s.o [2]
segment_holding          0x800'd169    0x1a  Code  Lc  dlmalloc.o [2]
select_speed             0x800'8fb9    0xfa  Code  Gb  UARTs_task.o [1]
send                     0x801'dce7    0x3e  Code  Gb  bsd_socket.o [1]
send_data                0x801'a0cd    0x44  Code  Lc  gsm.o [1]
send_data_WiFi           0x801'bebd    0x62  Code  Lc  WIFI_task.o [1]
send_message             0x801'a111    0x3e  Code  Gb  gsm.o [1]
send_message             0x801'be51    0x34  Code  Lc  WIFI_task.o [1]
sendto                   0x801'dd25    0x82  Code  Gb  bsd_socket.o [1]
setTime                  0x801'9ac7    0x74  Code  Lc  OS_MQTT_task.o [1]
set_bkp_reg              0x800'78a1    0x52  Code  Gb  utilites.o [1]
set_mark_forbooter       0x800'78f3     0xc  Code  Gb  utilites.o [1]
setsockopt               0x801'de69    0xc2  Code  Gb  bsd_socket.o [1]
shift_byte_spi1          0x800'ab17    0x18  Code  Gb  F868_task_v3xx.o [1]
shift_byte_spi3          0x800'4159    0x2a  Code  Gb  OLED.o [1]
shutdown                 0x801'df2b    0x26  Code  Gb  bsd_socket.o [1]
sntpClientGetTimestamp   0x801'a879    0x8a  Code  Gb  sntp_client.o [1]
sntpSendRequest          0x801'a909    0x3c  Code  Gb  sntp_client.o [1]
sntpWaitForResponse      0x801'a945    0x80  Code  Gb  sntp_client.o [1]
socket                   0x801'dbb3    0x2e  Code  Gb  bsd_socket.o [1]
socketAccept             0x801'3f73    0x10  Code  Gb  socket.o [1]
socketBind               0x801'3ebd    0x28  Code  Gb  socket.o [1]
socketBindToInterface    0x801'3eb1     0xc  Code  Gb  socket.o [1]
socketClose              0x801'4105    0x4a  Code  Gb  socket.o [1]
socketConnect            0x801'3ee5    0x64  Code  Gb  socket.o [1]
socketInit               0x801'3ced    0x8e  Code  Gb  socket.o [1]
socketListen             0x801'3f49    0x2a  Code  Gb  socket.o [1]
socketOpen               0x801'3d7b    0xbc  Code  Gb  socket.o [1]
socketReceive            0x801'4003    0x1c  Code  Gb  socket.o [1]
socketReceiveEx          0x801'403b    0x8e  Code  Gb  socket.o [1]
socketReceiveFrom        0x801'401f    0x1c  Code  Gb  socket.o [1]
socketSend               0x801'3f83    0x1c  Code  Gb  socket.o [1]
socketSendTo             0x801'3f9f    0x58  Code  Gb  socket.o [1]
socketSetRxBufferSize    0x801'3e81    0x30  Code  Gb  socket.o [1]
socketSetTimeout         0x801'3e37    0x1a  Code  Gb  socket.o [1]
socketSetTxBufferSize    0x801'3e51    0x30  Code  Gb  socket.o [1]
socketShutdown           0x801'40c9    0x30  Code  Gb  socket.o [1]
socketTable             0x2000'7990   0xd50  Data  Gb  socket.o [1]
socketTranslateErrorCode
                         0x801'db75    0x3e  Code  Gb  bsd_socket.o [1]
spiBuffer               0x2000'b410    0x20  Data  Lc  F868_task_v3xx.o [1]
spi_nss                  0x800'ab69    0x10  Code  Gb  F868_task_v3xx.o [1]
spi_write                0x800'abc9     0x2  Code  Gb  F868_task_v3xx.o [1]
sprintf                  0x800'82a5    0x40  Code  Gb  sprintf.o [2]
sscanf                   0x800'8eb5    0x28  Code  Gb  sscanf.o [2]
stm32f107EthDisableIrq   0x801'd819     0xe  Code  Gb  stm32f107_eth.o [1]
stm32f107EthDriver       0x801'eb28    0x40  Data  Gb  stm32f107_eth.o [1]
stm32f107EthEnableIrq    0x801'd80b     0xe  Code  Gb  stm32f107_eth.o [1]
stm32f107EthEventHandler
                         0x801'd8a5    0x2c  Code  Gb  stm32f107_eth.o [1]
stm32f107EthInit         0x801'd55d   0x110  Code  Gb  stm32f107_eth.o [1]
stm32f107EthInitDmaDesc
                         0x801'd78b    0x7a  Code  Gb  stm32f107_eth.o [1]
stm32f107EthInitGpio     0x801'd66d   0x11e  Code  Gb  stm32f107_eth.o [1]
stm32f107EthReadPhyReg   0x801'da6b    0x2a  Code  Gb  stm32f107_eth.o [1]
stm32f107EthReceivePacket
                         0x801'd945    0x50  Code  Gb  stm32f107_eth.o [1]
stm32f107EthSendPacket   0x801'd8d1    0x74  Code  Gb  stm32f107_eth.o [1]
stm32f107EthSetMulticastFilter
                         0x801'd995    0x7e  Code  Gb  stm32f107_eth.o [1]
stm32f107EthTick         0x801'd805     0x6  Code  Gb  stm32f107_eth.o [1]
stm32f107EthUpdateMacConfig
                         0x801'da13    0x2c  Code  Gb  stm32f107_eth.o [1]
stm32f107EthWritePhyReg
                         0x801'da3f    0x2c  Code  Gb  stm32f107_eth.o [1]
strSafeCopy              0x801'504d    0x34  Code  Gb  str.o [1]
strcasecmp               0x801'7935    0x46  Code  Gb  strcasecmp.o [2]
strcat                   0x800'8287    0x1e  Code  Gb  strcat.o [2]
strchr                   0x801'227d          Code  Gb  strchr.o [5]
strcpy                   0x800'abcd          Code  Gb  strcpy.o [5]
strinsert                0x800'478b    0x34  Code  Gb  OLED.o [1]
strlen                   0x800'7145          Code  Gb  strlen.o [5]
strncasecmp              0x801'924f    0x3e  Code  Gb  strncasecmp.o [2]
strncpy                  0x801'7021          Code  Gb  strncpy.o [5]
strstr                   0x801'a9c9    0x2c  Code  Gb  strstr.o [2]
strtoll                  0x801'3791     0x2  Code  Gb  iar_Stollx.o [2]
strtoull                 0x801'36e9     0x2  Code  Gb  iar_Stoullx.o [2]
swapInt16                0x801'0af5     0xc  Code  Gb  cpu_endian.o [1]
swapInt32                0x801'0b01    0x1a  Code  Gb  cpu_endian.o [1]
sweepCurrentBuff         0x800'a775     0xc  Code  Gb  F868_task_v3xx.o [1]
sweepSaveBuff            0x800'a789     0xc  Code  Gb  F868_task_v3xx.o [1]
system_flags            0x2000'b528     0x4  Data  Gb  global_var_v3xx.o [1]
tcpAbort                 0x801'4d57    0x60  Code  Gb  tcp.o [1]
tcpAccept                0x801'48ad   0x1b2  Code  Gb  tcp.o [1]
tcpChangeState           0x801'8c55    0x20  Code  Gb  tcp_misc.o [1]
tcpCheckAck              0x801'8337   0x14a  Code  Gb  tcp_misc.o [1]
tcpCheckSequenceNumber   0x801'82a9    0x58  Code  Gb  tcp_misc.o [1]
tcpCheckSyn              0x801'8301    0x36  Code  Gb  tcp_misc.o [1]
tcpComputeRto            0x801'88e9    0x78  Code  Gb  tcp_misc.o [1]
tcpConnect               0x801'477b   0x118  Code  Gb  tcp.o [1]
tcpDeleteControlBlock    0x801'85eb    0x26  Code  Gb  tcp_misc.o [1]
tcpDumpHeader            0x801'8efb     0x2  Code  Gb  tcp_misc.o [1]
tcpDynamicPort          0x2000'b55e     0x2  Data  Lc  tcp.o [1]
tcpFastLossRecovery      0x801'8531    0x1e  Code  Gb  tcp_misc.o [1]
tcpFastRecovery          0x801'84ef    0x42  Code  Gb  tcp_misc.o [1]
tcpFastRetransmit        0x801'84b7    0x38  Code  Gb  tcp_misc.o [1]
tcpFlushRetransmitQueue
                         0x801'868f    0x28  Code  Gb  tcp_misc.o [1]
tcpFlushSynQueue         0x801'86b7    0x1e  Code  Gb  tcp_misc.o [1]
tcpGetDynamicPort        0x801'4747    0x34  Code  Gb  tcp.o [1]
tcpGetOption             0x801'8267    0x42  Code  Gb  tcp_misc.o [1]
tcpGetState              0x801'4db7    0x1a  Code  Gb  tcp.o [1]
tcpInit                  0x801'473d     0xa  Code  Gb  tcp.o [1]
tcpIsDuplicateAck        0x801'8487    0x30  Code  Gb  tcp_misc.o [1]
tcpKillOldestConnection
                         0x801'4dd1    0x46  Code  Gb  tcp.o [1]
tcpListen                0x801'4893    0x1a  Code  Gb  tcp.o [1]
tcpNagleAlgo             0x801'89db   0x27a  Code  Gb  tcp_misc.o [1]
tcpProcessSegment        0x801'6839   0x244  Code  Gb  tcp_fsm.o [1]
tcpProcessSegmentData    0x801'854f    0x9c  Code  Gb  tcp_misc.o [1]
tcpReadRxBuffer          0x801'8ea5    0x56  Code  Gb  tcp_misc.o [1]
tcpReadTxBuffer          0x801'8df5    0x56  Code  Gb  tcp_misc.o [1]
tcpReceive               0x801'4b31    0xfc  Code  Gb  tcp.o [1]
tcpRetransmitSegment     0x801'8961    0x7a  Code  Gb  tcp_misc.o [1]
tcpSend                  0x801'4a5f    0xd0  Code  Gb  tcp.o [1]
tcpSendResetSegment      0x801'8185    0xdc  Code  Gb  tcp_misc.o [1]
tcpSendSegment           0x801'7f71   0x20e  Code  Gb  tcp_misc.o [1]
tcpShutdown              0x801'4c45   0x112  Code  Gb  tcp.o [1]
tcpStateCloseWait        0x801'6d93    0x4e  Code  Gb  tcp_fsm.o [1]
tcpStateClosed           0x801'6a89    0x12  Code  Gb  tcp_fsm.o [1]
tcpStateClosing          0x801'6f5f    0x5a  Code  Gb  tcp_fsm.o [1]
tcpStateEstablished      0x801'6cf9    0x9a  Code  Gb  tcp_fsm.o [1]
tcpStateFinWait1         0x801'6e19    0xb4  Code  Gb  tcp_fsm.o [1]
tcpStateFinWait2         0x801'6ecd    0x88  Code  Gb  tcp_fsm.o [1]
tcpStateLastAck          0x801'6de1    0x38  Code  Gb  tcp_fsm.o [1]
tcpStateListen           0x801'6a9b    0xd8  Code  Gb  tcp_fsm.o [1]
tcpStateSynReceived      0x801'6c73    0x80  Code  Gb  tcp_fsm.o [1]
tcpStateSynSent          0x801'6b73   0x100  Code  Gb  tcp_fsm.o [1]
tcpStateTimeWait         0x801'6fb9    0x66  Code  Gb  tcp_fsm.o [1]
tcpTick                  0x801'6171   0x246  Code  Gb  tcp_timer.o [1]
tcpTickCounter          0x2000'b540     0x4  Data  Gb  tcp.o [1]
tcpTimerRunning          0x801'63cb     0x4  Code  Gb  tcp_timer.o [1]
tcpTimerStart            0x801'63b7     0xe  Code  Gb  tcp_timer.o [1]
tcpTimerStop             0x801'63c5     0x6  Code  Gb  tcp_timer.o [1]
tcpUpdateEvents          0x801'8c75    0xf0  Code  Gb  tcp_misc.o [1]
tcpUpdateReceiveWindow   0x801'87f7    0xf2  Code  Gb  tcp_misc.o [1]
tcpUpdateRetransmitQueue
                         0x801'8611    0x7e  Code  Gb  tcp_misc.o [1]
tcpUpdateSackBlocks      0x801'86d5    0x94  Code  Gb  tcp_misc.o [1]
tcpUpdateSendWindow      0x801'8769    0x8e  Code  Gb  tcp_misc.o [1]
tcpWaitForEvents         0x801'8d65    0x36  Code  Gb  tcp_misc.o [1]
tcpWriteRxBuffer         0x801'8e4b    0x5a  Code  Gb  tcp_misc.o [1]
tcpWriteTxBuffer         0x801'8da5    0x50  Code  Gb  tcp_misc.o [1]
tolower                  0x801'78f1    0x14  Code  Gb  tolower.o [2]
topic_buff              0x2000'8d98    0x20  Data  Lc  OS_MQTT_task.o [1]
toupper                  0x801'9025    0x14  Code  Gb  toupper.o [2]
txBuffer                0x2000'6190   0xc00  Data  Lc  stm32f107_eth.o [1]
txCurDmaDesc            0x2000'6188     0x4  Data  Lc  stm32f107_eth.o [1]
txDmaDesc               0x2000'6144    0x20  Data  Lc  stm32f107_eth.o [1]
udpAllocBuffer           0x801'459f    0x14  Code  Gb  udp.o [1]
udpAttachRxCallback      0x801'45fb    0x54  Code  Gb  udp.o [1]
udpCallbackMutex        0x2000'b214    0x10  Data  Gb  udp.o [1]
udpCallbackTable        0x2000'b174    0xa0  Data  Gb  udp.o [1]
udpDetachRxCallback      0x801'464f    0x64  Code  Gb  udp.o [1]
udpDynamicPort          0x2000'b560     0x2  Data  Lc  udp.o [1]
udpGetDynamicPort        0x801'422d    0x34  Code  Gb  udp.o [1]
udpInit                  0x801'4205    0x28  Code  Gb  udp.o [1]
udpInvokeRxCallback      0x801'46b3    0x78  Code  Gb  udp.o [1]
udpProcessDatagram       0x801'4261   0x17c  Code  Gb  udp.o [1]
udpReceiveDatagram       0x801'44fb    0xa4  Code  Gb  udp.o [1]
udpSendDatagram          0x801'43dd    0x64  Code  Gb  udp.o [1]
udpSendDatagramEx        0x801'4441    0xb4  Code  Gb  udp.o [1]
udpUpdateEvents          0x801'45b3    0x48  Code  Gb  udp.o [1]
usbEvent                0x2000'a8e0     0x8  Data  Lc  USB_Task.o [1]
usb_buf                 0x2000'b3dc    0x34  Data  Lc  usbd_cdc_if_template.o [1]
usb_buf                 0x2000'b358    0x80  Data  Lc  WIFI_task.o [1]
usb_exchange             0x800'78ff   0x29c  Code  Gb  utilites.o [1]
usb_len                 0x2000'b3d8     0x1  Data  Lc  usbd_cdc_if_template.o [1]
usb_len                 0x2000'b354     0x1  Data  Lc  WIFI_task.o [1]
usb_start               0x2000'b355     0x1  Data  Gb  WIFI_task.o [1]
wait_ms                  0x800'abc5     0x4  Code  Gb  F868_task_v3xx.o [1]
wifi_initialization      0x801'bc85   0x1cc  Code  Lc  WIFI_task.o [1]
writeConfigFlashWithCHK
                         0x800'73db    0x4a  Code  Gb  utilites.o [1]
write_Flash              0x800'72f9    0xe2  Code  Gb  utilites.o [1]
write_control_OLED       0x800'4183    0x20  Code  Gb  OLED.o [1]


[1] = Y:\Programs\пл Х ох-5\пл-2 SX1276\RM-2L v3.xx\Obj
[2] = dl7M_tlf.a
[3] = m7M_tl.a
[4] = os7m_tl__r.a
[5] = rt7M_tl.a
[6] = shb_l.a

  104'237 bytes of readonly  code memory
   15'988 bytes of readonly  data memory
   47'720 bytes of readwrite data memory (+ 17'150 absolute)

Errors: none
Warnings: 1
